Archive member included because of file (symbol)

c:/software/electronica/arm/eclipsearm/sourcery-g++-lite-arm-2011.03/bin/../lib/gcc/arm-none-eabi/4.5.2/../../../../arm-none-eabi/lib\libc.a(lib_a-vsprintf.o)
                              ./uart.o (vsprintf)
c:/software/electronica/arm/eclipsearm/sourcery-g++-lite-arm-2011.03/bin/../lib/gcc/arm-none-eabi/4.5.2/../../../../arm-none-eabi/lib\libc.a(lib_a-impure.o)
                              c:/software/electronica/arm/eclipsearm/sourcery-g++-lite-arm-2011.03/bin/../lib/gcc/arm-none-eabi/4.5.2/../../../../arm-none-eabi/lib\libc.a(lib_a-vsprintf.o) (_impure_ptr)
c:/software/electronica/arm/eclipsearm/sourcery-g++-lite-arm-2011.03/bin/../lib/gcc/arm-none-eabi/4.5.2/../../../../arm-none-eabi/lib\libc.a(lib_a-svfprintf.o)
                              c:/software/electronica/arm/eclipsearm/sourcery-g++-lite-arm-2011.03/bin/../lib/gcc/arm-none-eabi/4.5.2/../../../../arm-none-eabi/lib\libc.a(lib_a-vsprintf.o) (_svfprintf_r)
c:/software/electronica/arm/eclipsearm/sourcery-g++-lite-arm-2011.03/bin/../lib/gcc/arm-none-eabi/4.5.2/../../../../arm-none-eabi/lib\libc.a(lib_a-dtoa.o)
                              c:/software/electronica/arm/eclipsearm/sourcery-g++-lite-arm-2011.03/bin/../lib/gcc/arm-none-eabi/4.5.2/../../../../arm-none-eabi/lib\libc.a(lib_a-svfprintf.o) (_dtoa_r)
c:/software/electronica/arm/eclipsearm/sourcery-g++-lite-arm-2011.03/bin/../lib/gcc/arm-none-eabi/4.5.2/../../../../arm-none-eabi/lib\libc.a(lib_a-locale.o)
                              c:/software/electronica/arm/eclipsearm/sourcery-g++-lite-arm-2011.03/bin/../lib/gcc/arm-none-eabi/4.5.2/../../../../arm-none-eabi/lib\libc.a(lib_a-svfprintf.o) (_localeconv_r)
c:/software/electronica/arm/eclipsearm/sourcery-g++-lite-arm-2011.03/bin/../lib/gcc/arm-none-eabi/4.5.2/../../../../arm-none-eabi/lib\libc.a(lib_a-mallocr.o)
                              c:/software/electronica/arm/eclipsearm/sourcery-g++-lite-arm-2011.03/bin/../lib/gcc/arm-none-eabi/4.5.2/../../../../arm-none-eabi/lib\libc.a(lib_a-svfprintf.o) (_malloc_r)
c:/software/electronica/arm/eclipsearm/sourcery-g++-lite-arm-2011.03/bin/../lib/gcc/arm-none-eabi/4.5.2/../../../../arm-none-eabi/lib\libc.a(lib_a-memchr.o)
                              c:/software/electronica/arm/eclipsearm/sourcery-g++-lite-arm-2011.03/bin/../lib/gcc/arm-none-eabi/4.5.2/../../../../arm-none-eabi/lib\libc.a(lib_a-svfprintf.o) (memchr)
c:/software/electronica/arm/eclipsearm/sourcery-g++-lite-arm-2011.03/bin/../lib/gcc/arm-none-eabi/4.5.2/../../../../arm-none-eabi/lib\libc.a(lib_a-memcpy.o)
                              c:/software/electronica/arm/eclipsearm/sourcery-g++-lite-arm-2011.03/bin/../lib/gcc/arm-none-eabi/4.5.2/../../../../arm-none-eabi/lib\libc.a(lib_a-dtoa.o) (memcpy)
c:/software/electronica/arm/eclipsearm/sourcery-g++-lite-arm-2011.03/bin/../lib/gcc/arm-none-eabi/4.5.2/../../../../arm-none-eabi/lib\libc.a(lib_a-mlock.o)
                              c:/software/electronica/arm/eclipsearm/sourcery-g++-lite-arm-2011.03/bin/../lib/gcc/arm-none-eabi/4.5.2/../../../../arm-none-eabi/lib\libc.a(lib_a-mallocr.o) (__malloc_lock)
c:/software/electronica/arm/eclipsearm/sourcery-g++-lite-arm-2011.03/bin/../lib/gcc/arm-none-eabi/4.5.2/../../../../arm-none-eabi/lib\libc.a(lib_a-mprec.o)
                              c:/software/electronica/arm/eclipsearm/sourcery-g++-lite-arm-2011.03/bin/../lib/gcc/arm-none-eabi/4.5.2/../../../../arm-none-eabi/lib\libc.a(lib_a-dtoa.o) (_Balloc)
c:/software/electronica/arm/eclipsearm/sourcery-g++-lite-arm-2011.03/bin/../lib/gcc/arm-none-eabi/4.5.2/../../../../arm-none-eabi/lib\libc.a(lib_a-s_fpclassify.o)
                              c:/software/electronica/arm/eclipsearm/sourcery-g++-lite-arm-2011.03/bin/../lib/gcc/arm-none-eabi/4.5.2/../../../../arm-none-eabi/lib\libc.a(lib_a-svfprintf.o) (__fpclassifyd)
c:/software/electronica/arm/eclipsearm/sourcery-g++-lite-arm-2011.03/bin/../lib/gcc/arm-none-eabi/4.5.2/../../../../arm-none-eabi/lib\libc.a(lib_a-sbrkr.o)
                              c:/software/electronica/arm/eclipsearm/sourcery-g++-lite-arm-2011.03/bin/../lib/gcc/arm-none-eabi/4.5.2/../../../../arm-none-eabi/lib\libc.a(lib_a-mallocr.o) (_sbrk_r)
c:/software/electronica/arm/eclipsearm/sourcery-g++-lite-arm-2011.03/bin/../lib/gcc/arm-none-eabi/4.5.2/../../../../arm-none-eabi/lib\libc.a(lib_a-strcmp.o)
                              c:/software/electronica/arm/eclipsearm/sourcery-g++-lite-arm-2011.03/bin/../lib/gcc/arm-none-eabi/4.5.2/../../../../arm-none-eabi/lib\libc.a(lib_a-locale.o) (strcmp)
c:/software/electronica/arm/eclipsearm/sourcery-g++-lite-arm-2011.03/bin/../lib/gcc/arm-none-eabi/4.5.2/../../../../arm-none-eabi/lib\libc.a(lib_a-strlen.o)
                              c:/software/electronica/arm/eclipsearm/sourcery-g++-lite-arm-2011.03/bin/../lib/gcc/arm-none-eabi/4.5.2/../../../../arm-none-eabi/lib\libc.a(lib_a-svfprintf.o) (strlen)
c:/software/electronica/arm/eclipsearm/sourcery-g++-lite-arm-2011.03/bin/../lib/gcc/arm-none-eabi/4.5.2/../../../../arm-none-eabi/lib\libc.a(lib_a-svfiprintf.o)
                              c:/software/electronica/arm/eclipsearm/sourcery-g++-lite-arm-2011.03/bin/../lib/gcc/arm-none-eabi/4.5.2/../../../../arm-none-eabi/lib\libc.a(lib_a-svfprintf.o) (__ssprint_r)
c:/software/electronica/arm/eclipsearm/sourcery-g++-lite-arm-2011.03/bin/../lib/gcc/arm-none-eabi/4.5.2/../../../../arm-none-eabi/lib\libc.a(lib_a-callocr.o)
                              c:/software/electronica/arm/eclipsearm/sourcery-g++-lite-arm-2011.03/bin/../lib/gcc/arm-none-eabi/4.5.2/../../../../arm-none-eabi/lib\libc.a(lib_a-mprec.o) (_calloc_r)
c:/software/electronica/arm/eclipsearm/sourcery-g++-lite-arm-2011.03/bin/../lib/gcc/arm-none-eabi/4.5.2/../../../../arm-none-eabi/lib\libc.a(lib_a-freer.o)
                              c:/software/electronica/arm/eclipsearm/sourcery-g++-lite-arm-2011.03/bin/../lib/gcc/arm-none-eabi/4.5.2/../../../../arm-none-eabi/lib\libc.a(lib_a-mallocr.o) (_free_r)
c:/software/electronica/arm/eclipsearm/sourcery-g++-lite-arm-2011.03/bin/../lib/gcc/arm-none-eabi/4.5.2/../../../../arm-none-eabi/lib\libc.a(lib_a-memmove.o)
                              c:/software/electronica/arm/eclipsearm/sourcery-g++-lite-arm-2011.03/bin/../lib/gcc/arm-none-eabi/4.5.2/../../../../arm-none-eabi/lib\libc.a(lib_a-svfiprintf.o) (memmove)
c:/software/electronica/arm/eclipsearm/sourcery-g++-lite-arm-2011.03/bin/../lib/gcc/arm-none-eabi/4.5.2/../../../../arm-none-eabi/lib\libc.a(lib_a-memset.o)
                              c:/software/electronica/arm/eclipsearm/sourcery-g++-lite-arm-2011.03/bin/../lib/gcc/arm-none-eabi/4.5.2/../../../../arm-none-eabi/lib\libc.a(lib_a-callocr.o) (memset)
c:/software/electronica/arm/eclipsearm/sourcery-g++-lite-arm-2011.03/bin/../lib/gcc/arm-none-eabi/4.5.2/../../../../arm-none-eabi/lib\libc.a(lib_a-reallocr.o)
                              c:/software/electronica/arm/eclipsearm/sourcery-g++-lite-arm-2011.03/bin/../lib/gcc/arm-none-eabi/4.5.2/../../../../arm-none-eabi/lib\libc.a(lib_a-svfiprintf.o) (_realloc_r)
c:/software/electronica/arm/eclipsearm/sourcery-g++-lite-arm-2011.03/bin/../lib/gcc/arm-none-eabi/4.5.2/../../../../arm-none-eabi/lib\libc.a(lib_a-reent.o)
                              c:/software/electronica/arm/eclipsearm/sourcery-g++-lite-arm-2011.03/bin/../lib/gcc/arm-none-eabi/4.5.2/../../../../arm-none-eabi/lib\libc.a(lib_a-sbrkr.o) (errno)
c:/software/electronica/arm/eclipsearm/sourcery-g++-lite-arm-2011.03/bin/../lib/gcc/arm-none-eabi/4.5.2\libgcc.a(_udivsi3.o)
                              c:/software/electronica/arm/eclipsearm/sourcery-g++-lite-arm-2011.03/bin/../lib/gcc/arm-none-eabi/4.5.2/../../../../arm-none-eabi/lib\libc.a(lib_a-dtoa.o) (__aeabi_uidiv)
c:/software/electronica/arm/eclipsearm/sourcery-g++-lite-arm-2011.03/bin/../lib/gcc/arm-none-eabi/4.5.2\libgcc.a(_divsi3.o)
                              ./commonUart/44blib.o (__aeabi_idiv)
c:/software/electronica/arm/eclipsearm/sourcery-g++-lite-arm-2011.03/bin/../lib/gcc/arm-none-eabi/4.5.2\libgcc.a(_dvmd_tls.o)
                              c:/software/electronica/arm/eclipsearm/sourcery-g++-lite-arm-2011.03/bin/../lib/gcc/arm-none-eabi/4.5.2\libgcc.a(_udivsi3.o) (__aeabi_idiv0)
c:/software/electronica/arm/eclipsearm/sourcery-g++-lite-arm-2011.03/bin/../lib/gcc/arm-none-eabi/4.5.2\libgcc.a(_arm_addsubdf3.o)
                              c:/software/electronica/arm/eclipsearm/sourcery-g++-lite-arm-2011.03/bin/../lib/gcc/arm-none-eabi/4.5.2/../../../../arm-none-eabi/lib\libc.a(lib_a-dtoa.o) (__aeabi_dsub)
c:/software/electronica/arm/eclipsearm/sourcery-g++-lite-arm-2011.03/bin/../lib/gcc/arm-none-eabi/4.5.2\libgcc.a(_arm_muldivdf3.o)
                              c:/software/electronica/arm/eclipsearm/sourcery-g++-lite-arm-2011.03/bin/../lib/gcc/arm-none-eabi/4.5.2/../../../../arm-none-eabi/lib\libc.a(lib_a-dtoa.o) (__aeabi_dmul)
c:/software/electronica/arm/eclipsearm/sourcery-g++-lite-arm-2011.03/bin/../lib/gcc/arm-none-eabi/4.5.2\libgcc.a(_arm_cmpdf2.o)
                              c:/software/electronica/arm/eclipsearm/sourcery-g++-lite-arm-2011.03/bin/../lib/gcc/arm-none-eabi/4.5.2/../../../../arm-none-eabi/lib\libc.a(lib_a-svfprintf.o) (__aeabi_dcmpeq)
c:/software/electronica/arm/eclipsearm/sourcery-g++-lite-arm-2011.03/bin/../lib/gcc/arm-none-eabi/4.5.2\libgcc.a(_arm_fixdfsi.o)
                              ./uart.o (__aeabi_d2iz)
c:/software/electronica/arm/eclipsearm/sourcery-g++-lite-arm-2011.03/bin/../lib/gcc/arm-none-eabi/4.5.2\libgcc.a(_aeabi_uldivmod.o)
                              c:/software/electronica/arm/eclipsearm/sourcery-g++-lite-arm-2011.03/bin/../lib/gcc/arm-none-eabi/4.5.2/../../../../arm-none-eabi/lib\libc.a(lib_a-svfprintf.o) (__aeabi_uldivmod)
c:/software/electronica/arm/eclipsearm/sourcery-g++-lite-arm-2011.03/bin/../lib/gcc/arm-none-eabi/4.5.2\libgcc.a(bpabi.o)
                              c:/software/electronica/arm/eclipsearm/sourcery-g++-lite-arm-2011.03/bin/../lib/gcc/arm-none-eabi/4.5.2\libgcc.a(_aeabi_uldivmod.o) (__gnu_uldivmod_helper)
c:/software/electronica/arm/eclipsearm/sourcery-g++-lite-arm-2011.03/bin/../lib/gcc/arm-none-eabi/4.5.2\libgcc.a(_divdi3.o)
                              c:/software/electronica/arm/eclipsearm/sourcery-g++-lite-arm-2011.03/bin/../lib/gcc/arm-none-eabi/4.5.2\libgcc.a(bpabi.o) (__divdi3)
c:/software/electronica/arm/eclipsearm/sourcery-g++-lite-arm-2011.03/bin/../lib/gcc/arm-none-eabi/4.5.2\libgcc.a(_udivdi3.o)
                              c:/software/electronica/arm/eclipsearm/sourcery-g++-lite-arm-2011.03/bin/../lib/gcc/arm-none-eabi/4.5.2\libgcc.a(bpabi.o) (__udivdi3)
c:/software/electronica/arm/eclipsearm/sourcery-g++-lite-arm-2011.03/bin/../lib/gcc/arm-none-eabi/4.5.2\libgcc.a(_clzsi2.o)
                              c:/software/electronica/arm/eclipsearm/sourcery-g++-lite-arm-2011.03/bin/../lib/gcc/arm-none-eabi/4.5.2\libgcc.a(_divdi3.o) (__clzsi2)
c:/software/electronica/arm/eclipsearm/sourcery-g++-lite-arm-2011.03/bin/../lib/gcc/arm-none-eabi/4.5.2/../../../../arm-none-eabi/lib\libnosys.a(sbrk.o)
                              c:/software/electronica/arm/eclipsearm/sourcery-g++-lite-arm-2011.03/bin/../lib/gcc/arm-none-eabi/4.5.2/../../../../arm-none-eabi/lib\libc.a(lib_a-sbrkr.o) (_sbrk)

Allocating common symbols
Common symbol       size              file

errno               0x4               c:/software/electronica/arm/eclipsearm/sourcery-g++-lite-arm-2011.03/bin/../lib/gcc/arm-none-eabi/4.5.2/../../../../arm-none-eabi/lib\libc.a(lib_a-reent.o)
fileSize            0x4               ./commonUart/44blib.o
str                 0x100             ./main.o
downPt              0x4               ./commonUart/44blib.o

Memory Configuration

Name             Origin             Length             Attributes
*default*        0x00000000         0xffffffff

Linker script and memory map

LOAD ./commonUart/44binit.o
LOAD ./commonUart/44blib.o
LOAD ./main.o
LOAD ./uart.o
LOAD c:/software/electronica/arm/eclipsearm/sourcery-g++-lite-arm-2011.03/bin/../lib/gcc/arm-none-eabi/4.5.2/../../../../arm-none-eabi/lib\libc.a
LOAD c:/software/electronica/arm/eclipsearm/sourcery-g++-lite-arm-2011.03/bin/../lib/gcc/arm-none-eabi/4.5.2\libgcc.a
LOAD c:/software/electronica/arm/eclipsearm/sourcery-g++-lite-arm-2011.03/bin/../lib/gcc/arm-none-eabi/4.5.2/../../../../arm-none-eabi/lib\libnosys.a
START GROUP
LOAD c:/software/electronica/arm/eclipsearm/sourcery-g++-lite-arm-2011.03/bin/../lib/gcc/arm-none-eabi/4.5.2\libgcc.a
LOAD c:/software/electronica/arm/eclipsearm/sourcery-g++-lite-arm-2011.03/bin/../lib/gcc/arm-none-eabi/4.5.2/../../../../arm-none-eabi/lib\libc.a
END GROUP
                0x0c000000                . = 0xc000000
                0x0c000000                Image_RO_Base = .

.text           0x0c000000     0x9ad4
 *(.text)
 .text          0x0c000000      0x710 ./commonUart/44binit.o
 .text          0x0c000710      0x46c ./commonUart/44blib.o
                0x0c000710                Delay
                0x0c000848                DelayMs
                0x0c0008ac                Port_Init
                0x0c000a3c                malloc
                0x0c000adc                free
                0x0c000b0c                sys_init
 .text          0x0c000b7c      0x100 ./main.o
                0x0c000b7c                Main
 *fill*         0x0c000c7c        0x4 00
 .text          0x0c000c80      0x340 ./uart.o
                0x0c000c80                Uart_Init
                0x0c000e00                Uart_Config
                0x0c000e18                Uart_TxEmpty
                0x0c000e4c                Uart_Getch
                0x0c000e94                Uart_SendByte
                0x0c000f28                Uart_SendString
                0x0c000f78                Uart_Printf
 .text          0x0c000fc0       0x7c c:/software/electronica/arm/eclipsearm/sourcery-g++-lite-arm-2011.03/bin/../lib/gcc/arm-none-eabi/4.5.2/../../../../arm-none-eabi/lib\libc.a(lib_a-vsprintf.o)
                0x0c000fc0                _vsprintf_r
                0x0c001010                vsprintf
 .text          0x0c00103c        0x0 c:/software/electronica/arm/eclipsearm/sourcery-g++-lite-arm-2011.03/bin/../lib/gcc/arm-none-eabi/4.5.2/../../../../arm-none-eabi/lib\libc.a(lib_a-impure.o)
 .text          0x0c00103c     0x2138 c:/software/electronica/arm/eclipsearm/sourcery-g++-lite-arm-2011.03/bin/../lib/gcc/arm-none-eabi/4.5.2/../../../../arm-none-eabi/lib\libc.a(lib_a-svfprintf.o)
                0x0c00103c                _svfprintf_r
 *fill*         0x0c003174        0x4 00
 .text          0x0c003178     0x17d0 c:/software/electronica/arm/eclipsearm/sourcery-g++-lite-arm-2011.03/bin/../lib/gcc/arm-none-eabi/4.5.2/../../../../arm-none-eabi/lib\libc.a(lib_a-dtoa.o)
                0x0c003348                _dtoa_r
 .text          0x0c004948       0xd0 c:/software/electronica/arm/eclipsearm/sourcery-g++-lite-arm-2011.03/bin/../lib/gcc/arm-none-eabi/4.5.2/../../../../arm-none-eabi/lib\libc.a(lib_a-locale.o)
                0x0c004948                _setlocale_r
                0x0c0049b4                __locale_charset
                0x0c0049c0                __locale_mb_cur_max
                0x0c0049d0                __locale_msgcharset
                0x0c0049dc                __locale_cjk_lang
                0x0c0049e4                _localeconv_r
                0x0c0049f0                setlocale
                0x0c004a0c                localeconv
 .text          0x0c004a18      0x70c c:/software/electronica/arm/eclipsearm/sourcery-g++-lite-arm-2011.03/bin/../lib/gcc/arm-none-eabi/4.5.2/../../../../arm-none-eabi/lib\libc.a(lib_a-mallocr.o)
                0x0c004a18                _malloc_r
 .text          0x0c005124      0x104 c:/software/electronica/arm/eclipsearm/sourcery-g++-lite-arm-2011.03/bin/../lib/gcc/arm-none-eabi/4.5.2/../../../../arm-none-eabi/lib\libc.a(lib_a-memchr.o)
                0x0c005124                memchr
 .text          0x0c005228      0x1c0 c:/software/electronica/arm/eclipsearm/sourcery-g++-lite-arm-2011.03/bin/../lib/gcc/arm-none-eabi/4.5.2/../../../../arm-none-eabi/lib\libc.a(lib_a-memcpy.o)
                0x0c005228                memcpy
 .text          0x0c0053e8        0x8 c:/software/electronica/arm/eclipsearm/sourcery-g++-lite-arm-2011.03/bin/../lib/gcc/arm-none-eabi/4.5.2/../../../../arm-none-eabi/lib\libc.a(lib_a-mlock.o)
                0x0c0053e8                __malloc_lock
                0x0c0053ec                __malloc_unlock
 .text          0x0c0053f0      0xcfc c:/software/electronica/arm/eclipsearm/sourcery-g++-lite-arm-2011.03/bin/../lib/gcc/arm-none-eabi/4.5.2/../../../../arm-none-eabi/lib\libc.a(lib_a-mprec.o)
                0x0c0053f0                _Balloc
                0x0c005478                _Bfree
                0x0c005494                __multadd
                0x0c005570                __s2b
                0x0c00565c                __hi0bits
                0x0c0056ac                __lo0bits
                0x0c00573c                __i2b
                0x0c005760                __multiply
                0x0c005948                __pow5mult
                0x0c005a3c                __lshift
                0x0c005b40                __mcmp
                0x0c005ba0                __mdiff
                0x0c005cf8                __ulp
                0x0c005d58                __b2d
                0x0c005e1c                __d2b
                0x0c005f24                __ratio
                0x0c005f9c                _mprec_log10
                0x0c005ff0                __copybits
                0x0c006064                __any_on
 .text          0x0c0060ec       0x8c c:/software/electronica/arm/eclipsearm/sourcery-g++-lite-arm-2011.03/bin/../lib/gcc/arm-none-eabi/4.5.2/../../../../arm-none-eabi/lib\libc.a(lib_a-s_fpclassify.o)
                0x0c0060ec                __fpclassifyd
 .text          0x0c006178       0x40 c:/software/electronica/arm/eclipsearm/sourcery-g++-lite-arm-2011.03/bin/../lib/gcc/arm-none-eabi/4.5.2/../../../../arm-none-eabi/lib\libc.a(lib_a-sbrkr.o)
                0x0c006178                _sbrk_r
 .text          0x0c0061b8      0x230 c:/software/electronica/arm/eclipsearm/sourcery-g++-lite-arm-2011.03/bin/../lib/gcc/arm-none-eabi/4.5.2/../../../../arm-none-eabi/lib\libc.a(lib_a-strcmp.o)
                0x0c0061b8                strcmp
 .text          0x0c0063e8       0x60 c:/software/electronica/arm/eclipsearm/sourcery-g++-lite-arm-2011.03/bin/../lib/gcc/arm-none-eabi/4.5.2/../../../../arm-none-eabi/lib\libc.a(lib_a-strlen.o)
                0x0c0063e8                strlen
 .text          0x0c006448     0x1238 c:/software/electronica/arm/eclipsearm/sourcery-g++-lite-arm-2011.03/bin/../lib/gcc/arm-none-eabi/4.5.2/../../../../arm-none-eabi/lib\libc.a(lib_a-svfiprintf.o)
                0x0c006448                __ssprint_r
                0x0c0065e4                _svfiprintf_r
 .text          0x0c007680       0x9c c:/software/electronica/arm/eclipsearm/sourcery-g++-lite-arm-2011.03/bin/../lib/gcc/arm-none-eabi/4.5.2/../../../../arm-none-eabi/lib\libc.a(lib_a-callocr.o)
                0x0c007680                _calloc_r
 .text          0x0c00771c      0x360 c:/software/electronica/arm/eclipsearm/sourcery-g++-lite-arm-2011.03/bin/../lib/gcc/arm-none-eabi/4.5.2/../../../../arm-none-eabi/lib\libc.a(lib_a-freer.o)
                0x0c00771c                _malloc_trim_r
                0x0c007818                _free_r
 .text          0x0c007a7c      0x128 c:/software/electronica/arm/eclipsearm/sourcery-g++-lite-arm-2011.03/bin/../lib/gcc/arm-none-eabi/4.5.2/../../../../arm-none-eabi/lib\libc.a(lib_a-memmove.o)
                0x0c007a7c                memmove
 .text          0x0c007ba4      0x100 c:/software/electronica/arm/eclipsearm/sourcery-g++-lite-arm-2011.03/bin/../lib/gcc/arm-none-eabi/4.5.2/../../../../arm-none-eabi/lib\libc.a(lib_a-memset.o)
                0x0c007ba4                memset
 .text          0x0c007ca4      0x5c0 c:/software/electronica/arm/eclipsearm/sourcery-g++-lite-arm-2011.03/bin/../lib/gcc/arm-none-eabi/4.5.2/../../../../arm-none-eabi/lib\libc.a(lib_a-reallocr.o)
                0x0c007ca4                _realloc_r
 .text          0x0c008264      0x1ac c:/software/electronica/arm/eclipsearm/sourcery-g++-lite-arm-2011.03/bin/../lib/gcc/arm-none-eabi/4.5.2/../../../../arm-none-eabi/lib\libc.a(lib_a-reent.o)
                0x0c008264                cleanup_glue
                0x0c008290                _reclaim_reent
                0x0c008398                _wrapup_reent
 .text          0x0c008410      0x114 c:/software/electronica/arm/eclipsearm/sourcery-g++-lite-arm-2011.03/bin/../lib/gcc/arm-none-eabi/4.5.2\libgcc.a(_udivsi3.o)
                0x0c008410                __aeabi_uidiv
                0x0c008410                __udivsi3
                0x0c008504                __aeabi_uidivmod
 .text          0x0c008524      0x148 c:/software/electronica/arm/eclipsearm/sourcery-g++-lite-arm-2011.03/bin/../lib/gcc/arm-none-eabi/4.5.2\libgcc.a(_divsi3.o)
                0x0c008524                __divsi3
                0x0c008524                __aeabi_idiv
                0x0c00864c                __aeabi_idivmod
 .text          0x0c00866c        0x4 c:/software/electronica/arm/eclipsearm/sourcery-g++-lite-arm-2011.03/bin/../lib/gcc/arm-none-eabi/4.5.2\libgcc.a(_dvmd_tls.o)
                0x0c00866c                __aeabi_idiv0
                0x0c00866c                __aeabi_ldiv0
 .text          0x0c008670      0x41c c:/software/electronica/arm/eclipsearm/sourcery-g++-lite-arm-2011.03/bin/../lib/gcc/arm-none-eabi/4.5.2\libgcc.a(_arm_addsubdf3.o)
                0x0c008670                __aeabi_drsub
                0x0c008678                __aeabi_dsub
                0x0c008678                __subdf3
                0x0c00867c                __aeabi_dadd
                0x0c00867c                __adddf3
                0x0c00898c                __floatunsidf
                0x0c00898c                __aeabi_ui2d
                0x0c0089b0                __floatsidf
                0x0c0089b0                __aeabi_i2d
                0x0c0089d8                __aeabi_f2d
                0x0c0089d8                __extendsfdf2
                0x0c008a18                __floatundidf
                0x0c008a18                __aeabi_ul2d
                0x0c008a2c                __floatdidf
                0x0c008a2c                __aeabi_l2d
 .text          0x0c008a8c      0x49c c:/software/electronica/arm/eclipsearm/sourcery-g++-lite-arm-2011.03/bin/../lib/gcc/arm-none-eabi/4.5.2\libgcc.a(_arm_muldivdf3.o)
                0x0c008a8c                __aeabi_dmul
                0x0c008a8c                __muldf3
                0x0c008d1c                __divdf3
                0x0c008d1c                __aeabi_ddiv
 .text          0x0c008f28      0x144 c:/software/electronica/arm/eclipsearm/sourcery-g++-lite-arm-2011.03/bin/../lib/gcc/arm-none-eabi/4.5.2\libgcc.a(_arm_cmpdf2.o)
                0x0c008f28                __gtdf2
                0x0c008f28                __gedf2
                0x0c008f30                __ltdf2
                0x0c008f30                __ledf2
                0x0c008f38                __nedf2
                0x0c008f38                __eqdf2
                0x0c008f38                __cmpdf2
                0x0c008fc0                __aeabi_cdrcmple
                0x0c008fdc                __aeabi_cdcmpeq
                0x0c008fdc                __aeabi_cdcmple
                0x0c008ff4                __aeabi_dcmpeq
                0x0c00900c                __aeabi_dcmplt
                0x0c009024                __aeabi_dcmple
                0x0c00903c                __aeabi_dcmpge
                0x0c009054                __aeabi_dcmpgt
 .text          0x0c00906c       0x5c c:/software/electronica/arm/eclipsearm/sourcery-g++-lite-arm-2011.03/bin/../lib/gcc/arm-none-eabi/4.5.2\libgcc.a(_arm_fixdfsi.o)
                0x0c00906c                __aeabi_d2iz
                0x0c00906c                __fixdfsi
 .text          0x0c0090c8       0x3c c:/software/electronica/arm/eclipsearm/sourcery-g++-lite-arm-2011.03/bin/../lib/gcc/arm-none-eabi/4.5.2\libgcc.a(_aeabi_uldivmod.o)
                0x0c0090c8                __aeabi_uldivmod
 .text          0x0c009104       0x80 c:/software/electronica/arm/eclipsearm/sourcery-g++-lite-arm-2011.03/bin/../lib/gcc/arm-none-eabi/4.5.2\libgcc.a(bpabi.o)
                0x0c009104                __gnu_ldivmod_helper
                0x0c009144                __gnu_uldivmod_helper
 .text          0x0c009184      0x4a8 c:/software/electronica/arm/eclipsearm/sourcery-g++-lite-arm-2011.03/bin/../lib/gcc/arm-none-eabi/4.5.2\libgcc.a(_divdi3.o)
                0x0c009184                __divdi3
 .text          0x0c00962c      0x434 c:/software/electronica/arm/eclipsearm/sourcery-g++-lite-arm-2011.03/bin/../lib/gcc/arm-none-eabi/4.5.2\libgcc.a(_udivdi3.o)
                0x0c00962c                __udivdi3
 .text          0x0c009a60       0x48 c:/software/electronica/arm/eclipsearm/sourcery-g++-lite-arm-2011.03/bin/../lib/gcc/arm-none-eabi/4.5.2\libgcc.a(_clzsi2.o)
                0x0c009a60                __clzsi2
 .text          0x0c009aa8       0x2c c:/software/electronica/arm/eclipsearm/sourcery-g++-lite-arm-2011.03/bin/../lib/gcc/arm-none-eabi/4.5.2/../../../../arm-none-eabi/lib\libnosys.a(sbrk.o)
                0x0c009aa8                _sbrk
                0x0c009ad4                Image_RO_Limit = .
                0x0c009ad4                Image_RW_Base = .

.glue_7         0x0c009ad4        0x0
 .glue_7        0x00000000        0x0 linker stubs

.glue_7t        0x0c009ad4        0x0
 .glue_7t       0x00000000        0x0 linker stubs

.vfp11_veneer   0x0c009ad4        0x0
 .vfp11_veneer  0x00000000        0x0 linker stubs

.v4_bx          0x0c009ad4        0x0
 .v4_bx         0x00000000        0x0 linker stubs

.data           0x0c009ad8      0x914
 *(.data)
 .data          0x0c009ad8        0x6 ./commonUart/44binit.o
                0x0c009ad8                BDRAMTYPE
 *fill*         0x0c009ade        0x2 00
 .data          0x0c009ae0        0xc ./commonUart/44blib.o
                0x0c009ae0                mallocPt
                0x0c009ae4                run
 .data          0x0c009aec       0x40 ./main.o
                0x0c009aec                str_send
                0x0c009af8                str_error
 .data          0x0c009b2c        0x0 ./uart.o
 .data          0x0c009b2c        0x0 c:/software/electronica/arm/eclipsearm/sourcery-g++-lite-arm-2011.03/bin/../lib/gcc/arm-none-eabi/4.5.2/../../../../arm-none-eabi/lib\libc.a(lib_a-vsprintf.o)
 *fill*         0x0c009b2c        0x4 00
 .data          0x0c009b30      0x430 c:/software/electronica/arm/eclipsearm/sourcery-g++-lite-arm-2011.03/bin/../lib/gcc/arm-none-eabi/4.5.2/../../../../arm-none-eabi/lib\libc.a(lib_a-impure.o)
                0x0c009b30                _impure_ptr
 .data          0x0c009f60        0x0 c:/software/electronica/arm/eclipsearm/sourcery-g++-lite-arm-2011.03/bin/../lib/gcc/arm-none-eabi/4.5.2/../../../../arm-none-eabi/lib\libc.a(lib_a-svfprintf.o)
 .data          0x0c009f60        0x0 c:/software/electronica/arm/eclipsearm/sourcery-g++-lite-arm-2011.03/bin/../lib/gcc/arm-none-eabi/4.5.2/../../../../arm-none-eabi/lib\libc.a(lib_a-dtoa.o)
 .data          0x0c009f60       0x7c c:/software/electronica/arm/eclipsearm/sourcery-g++-lite-arm-2011.03/bin/../lib/gcc/arm-none-eabi/4.5.2/../../../../arm-none-eabi/lib\libc.a(lib_a-locale.o)
                0x0c009f80                __mb_cur_max
 .data          0x0c009fdc      0x410 c:/software/electronica/arm/eclipsearm/sourcery-g++-lite-arm-2011.03/bin/../lib/gcc/arm-none-eabi/4.5.2/../../../../arm-none-eabi/lib\libc.a(lib_a-mallocr.o)
                0x0c009fdc                __malloc_av_
                0x0c00a3e4                __malloc_sbrk_base
                0x0c00a3e8                __malloc_trim_threshold
 .data          0x0c00a3ec        0x0 c:/software/electronica/arm/eclipsearm/sourcery-g++-lite-arm-2011.03/bin/../lib/gcc/arm-none-eabi/4.5.2/../../../../arm-none-eabi/lib\libc.a(lib_a-memchr.o)
 .data          0x0c00a3ec        0x0 c:/software/electronica/arm/eclipsearm/sourcery-g++-lite-arm-2011.03/bin/../lib/gcc/arm-none-eabi/4.5.2/../../../../arm-none-eabi/lib\libc.a(lib_a-memcpy.o)
 .data          0x0c00a3ec        0x0 c:/software/electronica/arm/eclipsearm/sourcery-g++-lite-arm-2011.03/bin/../lib/gcc/arm-none-eabi/4.5.2/../../../../arm-none-eabi/lib\libc.a(lib_a-mlock.o)
 .data          0x0c00a3ec        0x0 c:/software/electronica/arm/eclipsearm/sourcery-g++-lite-arm-2011.03/bin/../lib/gcc/arm-none-eabi/4.5.2/../../../../arm-none-eabi/lib\libc.a(lib_a-mprec.o)
 .data          0x0c00a3ec        0x0 c:/software/electronica/arm/eclipsearm/sourcery-g++-lite-arm-2011.03/bin/../lib/gcc/arm-none-eabi/4.5.2/../../../../arm-none-eabi/lib\libc.a(lib_a-s_fpclassify.o)
 .data          0x0c00a3ec        0x0 c:/software/electronica/arm/eclipsearm/sourcery-g++-lite-arm-2011.03/bin/../lib/gcc/arm-none-eabi/4.5.2/../../../../arm-none-eabi/lib\libc.a(lib_a-sbrkr.o)
 .data          0x0c00a3ec        0x0 c:/software/electronica/arm/eclipsearm/sourcery-g++-lite-arm-2011.03/bin/../lib/gcc/arm-none-eabi/4.5.2/../../../../arm-none-eabi/lib\libc.a(lib_a-strcmp.o)
 .data          0x0c00a3ec        0x0 c:/software/electronica/arm/eclipsearm/sourcery-g++-lite-arm-2011.03/bin/../lib/gcc/arm-none-eabi/4.5.2/../../../../arm-none-eabi/lib\libc.a(lib_a-strlen.o)
 .data          0x0c00a3ec        0x0 c:/software/electronica/arm/eclipsearm/sourcery-g++-lite-arm-2011.03/bin/../lib/gcc/arm-none-eabi/4.5.2/../../../../arm-none-eabi/lib\libc.a(lib_a-svfiprintf.o)
 .data          0x0c00a3ec        0x0 c:/software/electronica/arm/eclipsearm/sourcery-g++-lite-arm-2011.03/bin/../lib/gcc/arm-none-eabi/4.5.2/../../../../arm-none-eabi/lib\libc.a(lib_a-callocr.o)
 .data          0x0c00a3ec        0x0 c:/software/electronica/arm/eclipsearm/sourcery-g++-lite-arm-2011.03/bin/../lib/gcc/arm-none-eabi/4.5.2/../../../../arm-none-eabi/lib\libc.a(lib_a-freer.o)
 .data          0x0c00a3ec        0x0 c:/software/electronica/arm/eclipsearm/sourcery-g++-lite-arm-2011.03/bin/../lib/gcc/arm-none-eabi/4.5.2/../../../../arm-none-eabi/lib\libc.a(lib_a-memmove.o)
 .data          0x0c00a3ec        0x0 c:/software/electronica/arm/eclipsearm/sourcery-g++-lite-arm-2011.03/bin/../lib/gcc/arm-none-eabi/4.5.2/../../../../arm-none-eabi/lib\libc.a(lib_a-memset.o)
 .data          0x0c00a3ec        0x0 c:/software/electronica/arm/eclipsearm/sourcery-g++-lite-arm-2011.03/bin/../lib/gcc/arm-none-eabi/4.5.2/../../../../arm-none-eabi/lib\libc.a(lib_a-reallocr.o)
 .data          0x0c00a3ec        0x0 c:/software/electronica/arm/eclipsearm/sourcery-g++-lite-arm-2011.03/bin/../lib/gcc/arm-none-eabi/4.5.2/../../../../arm-none-eabi/lib\libc.a(lib_a-reent.o)
 .data          0x0c00a3ec        0x0 c:/software/electronica/arm/eclipsearm/sourcery-g++-lite-arm-2011.03/bin/../lib/gcc/arm-none-eabi/4.5.2\libgcc.a(_udivsi3.o)
 .data          0x0c00a3ec        0x0 c:/software/electronica/arm/eclipsearm/sourcery-g++-lite-arm-2011.03/bin/../lib/gcc/arm-none-eabi/4.5.2\libgcc.a(_divsi3.o)
 .data          0x0c00a3ec        0x0 c:/software/electronica/arm/eclipsearm/sourcery-g++-lite-arm-2011.03/bin/../lib/gcc/arm-none-eabi/4.5.2\libgcc.a(_dvmd_tls.o)
 .data          0x0c00a3ec        0x0 c:/software/electronica/arm/eclipsearm/sourcery-g++-lite-arm-2011.03/bin/../lib/gcc/arm-none-eabi/4.5.2\libgcc.a(_arm_addsubdf3.o)
 .data          0x0c00a3ec        0x0 c:/software/electronica/arm/eclipsearm/sourcery-g++-lite-arm-2011.03/bin/../lib/gcc/arm-none-eabi/4.5.2\libgcc.a(_arm_muldivdf3.o)
 .data          0x0c00a3ec        0x0 c:/software/electronica/arm/eclipsearm/sourcery-g++-lite-arm-2011.03/bin/../lib/gcc/arm-none-eabi/4.5.2\libgcc.a(_arm_cmpdf2.o)
 .data          0x0c00a3ec        0x0 c:/software/electronica/arm/eclipsearm/sourcery-g++-lite-arm-2011.03/bin/../lib/gcc/arm-none-eabi/4.5.2\libgcc.a(_arm_fixdfsi.o)
 .data          0x0c00a3ec        0x0 c:/software/electronica/arm/eclipsearm/sourcery-g++-lite-arm-2011.03/bin/../lib/gcc/arm-none-eabi/4.5.2\libgcc.a(_aeabi_uldivmod.o)
 .data          0x0c00a3ec        0x0 c:/software/electronica/arm/eclipsearm/sourcery-g++-lite-arm-2011.03/bin/../lib/gcc/arm-none-eabi/4.5.2\libgcc.a(bpabi.o)
 .data          0x0c00a3ec        0x0 c:/software/electronica/arm/eclipsearm/sourcery-g++-lite-arm-2011.03/bin/../lib/gcc/arm-none-eabi/4.5.2\libgcc.a(_divdi3.o)
 .data          0x0c00a3ec        0x0 c:/software/electronica/arm/eclipsearm/sourcery-g++-lite-arm-2011.03/bin/../lib/gcc/arm-none-eabi/4.5.2\libgcc.a(_udivdi3.o)
 .data          0x0c00a3ec        0x0 c:/software/electronica/arm/eclipsearm/sourcery-g++-lite-arm-2011.03/bin/../lib/gcc/arm-none-eabi/4.5.2\libgcc.a(_clzsi2.o)
 .data          0x0c00a3ec        0x0 c:/software/electronica/arm/eclipsearm/sourcery-g++-lite-arm-2011.03/bin/../lib/gcc/arm-none-eabi/4.5.2/../../../../arm-none-eabi/lib\libnosys.a(sbrk.o)

.rodata         0x0c00a3f0      0x170
 *(.rodata)
 .rodata        0x0c00a3f0        0x4 ./main.o
 .rodata        0x0c00a3f4        0x4 c:/software/electronica/arm/eclipsearm/sourcery-g++-lite-arm-2011.03/bin/../lib/gcc/arm-none-eabi/4.5.2/../../../../arm-none-eabi/lib\libc.a(lib_a-impure.o)
                0x0c00a3f4                _global_impure_ptr
 .rodata        0x0c00a3f8       0x20 c:/software/electronica/arm/eclipsearm/sourcery-g++-lite-arm-2011.03/bin/../lib/gcc/arm-none-eabi/4.5.2/../../../../arm-none-eabi/lib\libc.a(lib_a-svfprintf.o)
 .rodata        0x0c00a418      0x128 c:/software/electronica/arm/eclipsearm/sourcery-g++-lite-arm-2011.03/bin/../lib/gcc/arm-none-eabi/4.5.2/../../../../arm-none-eabi/lib\libc.a(lib_a-mprec.o)
                0x0c00a428                __mprec_tens
                0x0c00a4f0                __mprec_bigtens
                0x0c00a518                __mprec_tinytens
 .rodata        0x0c00a540       0x20 c:/software/electronica/arm/eclipsearm/sourcery-g++-lite-arm-2011.03/bin/../lib/gcc/arm-none-eabi/4.5.2/../../../../arm-none-eabi/lib\libc.a(lib_a-svfiprintf.o)
                0x0c00a560                Image_RW_Limit = .
                0x0c00a560                Image_ZI_Base = .

.rodata.str1.4  0x0c00a560       0x64
 .rodata.str1.4
                0x0c00a560        0x2 c:/software/electronica/arm/eclipsearm/sourcery-g++-lite-arm-2011.03/bin/../lib/gcc/arm-none-eabi/4.5.2/../../../../arm-none-eabi/lib\libc.a(lib_a-impure.o)
                                  0x4 (size before relaxing)
 *fill*         0x0c00a562        0x2 00
 .rodata.str1.4
                0x0c00a564       0x42 c:/software/electronica/arm/eclipsearm/sourcery-g++-lite-arm-2011.03/bin/../lib/gcc/arm-none-eabi/4.5.2/../../../../arm-none-eabi/lib\libc.a(lib_a-svfprintf.o)
                                 0x44 (size before relaxing)
 *fill*         0x0c00a5a6        0x2 00
 .rodata.str1.4
                0x0c00a5a8       0x10 c:/software/electronica/arm/eclipsearm/sourcery-g++-lite-arm-2011.03/bin/../lib/gcc/arm-none-eabi/4.5.2/../../../../arm-none-eabi/lib\libc.a(lib_a-dtoa.o)
                                 0x14 (size before relaxing)
 .rodata.str1.4
                0x0c00a5b8        0xc c:/software/electronica/arm/eclipsearm/sourcery-g++-lite-arm-2011.03/bin/../lib/gcc/arm-none-eabi/4.5.2/../../../../arm-none-eabi/lib\libc.a(lib_a-locale.o)
                                 0x14 (size before relaxing)
 .rodata.str1.4
                0x00000000       0x30 c:/software/electronica/arm/eclipsearm/sourcery-g++-lite-arm-2011.03/bin/../lib/gcc/arm-none-eabi/4.5.2/../../../../arm-none-eabi/lib\libc.a(lib_a-svfiprintf.o)

.ARM.extab      0x0c00a5c4        0x0
 .ARM.extab     0x0c00a5c4        0x0 c:/software/electronica/arm/eclipsearm/sourcery-g++-lite-arm-2011.03/bin/../lib/gcc/arm-none-eabi/4.5.2\libgcc.a(_divdi3.o)
 .ARM.extab     0x0c00a5c4        0x0 c:/software/electronica/arm/eclipsearm/sourcery-g++-lite-arm-2011.03/bin/../lib/gcc/arm-none-eabi/4.5.2\libgcc.a(_udivdi3.o)

.ARM.exidx      0x0c00a5c4        0x8
 .ARM.exidx     0x0c00a5c4        0x8 c:/software/electronica/arm/eclipsearm/sourcery-g++-lite-arm-2011.03/bin/../lib/gcc/arm-none-eabi/4.5.2\libgcc.a(_divdi3.o)
 .ARM.exidx     0x0c00a5cc        0x0 c:/software/electronica/arm/eclipsearm/sourcery-g++-lite-arm-2011.03/bin/../lib/gcc/arm-none-eabi/4.5.2\libgcc.a(_udivdi3.o)
                                  0x8 (size before relaxing)

.bss            0x0c00a5cc      0x154
 *(.bss)
 .bss           0x0c00a5cc        0x0 ./commonUart/44binit.o
 .bss           0x0c00a5cc        0x4 ./commonUart/44blib.o
                0x0c00a5cc                restart
 .bss           0x0c00a5d0        0x0 ./main.o
 .bss           0x0c00a5d0        0x0 ./uart.o
 .bss           0x0c00a5d0        0x0 c:/software/electronica/arm/eclipsearm/sourcery-g++-lite-arm-2011.03/bin/../lib/gcc/arm-none-eabi/4.5.2/../../../../arm-none-eabi/lib\libc.a(lib_a-vsprintf.o)
 .bss           0x0c00a5d0        0x0 c:/software/electronica/arm/eclipsearm/sourcery-g++-lite-arm-2011.03/bin/../lib/gcc/arm-none-eabi/4.5.2/../../../../arm-none-eabi/lib\libc.a(lib_a-impure.o)
 .bss           0x0c00a5d0        0x0 c:/software/electronica/arm/eclipsearm/sourcery-g++-lite-arm-2011.03/bin/../lib/gcc/arm-none-eabi/4.5.2/../../../../arm-none-eabi/lib\libc.a(lib_a-svfprintf.o)
 .bss           0x0c00a5d0        0x0 c:/software/electronica/arm/eclipsearm/sourcery-g++-lite-arm-2011.03/bin/../lib/gcc/arm-none-eabi/4.5.2/../../../../arm-none-eabi/lib\libc.a(lib_a-dtoa.o)
 .bss           0x0c00a5d0        0xc c:/software/electronica/arm/eclipsearm/sourcery-g++-lite-arm-2011.03/bin/../lib/gcc/arm-none-eabi/4.5.2/../../../../arm-none-eabi/lib\libc.a(lib_a-locale.o)
                0x0c00a5d0                __nlocale_changed
                0x0c00a5d4                __mlocale_changed
                0x0c00a5d8                _PathLocale
 .bss           0x0c00a5dc       0x34 c:/software/electronica/arm/eclipsearm/sourcery-g++-lite-arm-2011.03/bin/../lib/gcc/arm-none-eabi/4.5.2/../../../../arm-none-eabi/lib\libc.a(lib_a-mallocr.o)
                0x0c00a5dc                __malloc_top_pad
                0x0c00a5e0                __malloc_current_mallinfo
                0x0c00a608                __malloc_max_sbrked_mem
                0x0c00a60c                __malloc_max_total_mem
 .bss           0x0c00a610        0x0 c:/software/electronica/arm/eclipsearm/sourcery-g++-lite-arm-2011.03/bin/../lib/gcc/arm-none-eabi/4.5.2/../../../../arm-none-eabi/lib\libc.a(lib_a-memchr.o)
 .bss           0x0c00a610        0x0 c:/software/electronica/arm/eclipsearm/sourcery-g++-lite-arm-2011.03/bin/../lib/gcc/arm-none-eabi/4.5.2/../../../../arm-none-eabi/lib\libc.a(lib_a-memcpy.o)
 .bss           0x0c00a610        0x0 c:/software/electronica/arm/eclipsearm/sourcery-g++-lite-arm-2011.03/bin/../lib/gcc/arm-none-eabi/4.5.2/../../../../arm-none-eabi/lib\libc.a(lib_a-mlock.o)
 .bss           0x0c00a610        0x0 c:/software/electronica/arm/eclipsearm/sourcery-g++-lite-arm-2011.03/bin/../lib/gcc/arm-none-eabi/4.5.2/../../../../arm-none-eabi/lib\libc.a(lib_a-mprec.o)
 .bss           0x0c00a610        0x0 c:/software/electronica/arm/eclipsearm/sourcery-g++-lite-arm-2011.03/bin/../lib/gcc/arm-none-eabi/4.5.2/../../../../arm-none-eabi/lib\libc.a(lib_a-s_fpclassify.o)
 .bss           0x0c00a610        0x0 c:/software/electronica/arm/eclipsearm/sourcery-g++-lite-arm-2011.03/bin/../lib/gcc/arm-none-eabi/4.5.2/../../../../arm-none-eabi/lib\libc.a(lib_a-sbrkr.o)
 .bss           0x0c00a610        0x0 c:/software/electronica/arm/eclipsearm/sourcery-g++-lite-arm-2011.03/bin/../lib/gcc/arm-none-eabi/4.5.2/../../../../arm-none-eabi/lib\libc.a(lib_a-strcmp.o)
 .bss           0x0c00a610        0x0 c:/software/electronica/arm/eclipsearm/sourcery-g++-lite-arm-2011.03/bin/../lib/gcc/arm-none-eabi/4.5.2/../../../../arm-none-eabi/lib\libc.a(lib_a-strlen.o)
 .bss           0x0c00a610        0x0 c:/software/electronica/arm/eclipsearm/sourcery-g++-lite-arm-2011.03/bin/../lib/gcc/arm-none-eabi/4.5.2/../../../../arm-none-eabi/lib\libc.a(lib_a-svfiprintf.o)
 .bss           0x0c00a610        0x0 c:/software/electronica/arm/eclipsearm/sourcery-g++-lite-arm-2011.03/bin/../lib/gcc/arm-none-eabi/4.5.2/../../../../arm-none-eabi/lib\libc.a(lib_a-callocr.o)
 .bss           0x0c00a610        0x0 c:/software/electronica/arm/eclipsearm/sourcery-g++-lite-arm-2011.03/bin/../lib/gcc/arm-none-eabi/4.5.2/../../../../arm-none-eabi/lib\libc.a(lib_a-freer.o)
 .bss           0x0c00a610        0x0 c:/software/electronica/arm/eclipsearm/sourcery-g++-lite-arm-2011.03/bin/../lib/gcc/arm-none-eabi/4.5.2/../../../../arm-none-eabi/lib\libc.a(lib_a-memmove.o)
 .bss           0x0c00a610        0x0 c:/software/electronica/arm/eclipsearm/sourcery-g++-lite-arm-2011.03/bin/../lib/gcc/arm-none-eabi/4.5.2/../../../../arm-none-eabi/lib\libc.a(lib_a-memset.o)
 .bss           0x0c00a610        0x0 c:/software/electronica/arm/eclipsearm/sourcery-g++-lite-arm-2011.03/bin/../lib/gcc/arm-none-eabi/4.5.2/../../../../arm-none-eabi/lib\libc.a(lib_a-reallocr.o)
 .bss           0x0c00a610        0x0 c:/software/electronica/arm/eclipsearm/sourcery-g++-lite-arm-2011.03/bin/../lib/gcc/arm-none-eabi/4.5.2/../../../../arm-none-eabi/lib\libc.a(lib_a-reent.o)
 .bss           0x0c00a610        0x0 c:/software/electronica/arm/eclipsearm/sourcery-g++-lite-arm-2011.03/bin/../lib/gcc/arm-none-eabi/4.5.2\libgcc.a(_udivsi3.o)
 .bss           0x0c00a610        0x0 c:/software/electronica/arm/eclipsearm/sourcery-g++-lite-arm-2011.03/bin/../lib/gcc/arm-none-eabi/4.5.2\libgcc.a(_divsi3.o)
 .bss           0x0c00a610        0x0 c:/software/electronica/arm/eclipsearm/sourcery-g++-lite-arm-2011.03/bin/../lib/gcc/arm-none-eabi/4.5.2\libgcc.a(_dvmd_tls.o)
 .bss           0x0c00a610        0x0 c:/software/electronica/arm/eclipsearm/sourcery-g++-lite-arm-2011.03/bin/../lib/gcc/arm-none-eabi/4.5.2\libgcc.a(_arm_addsubdf3.o)
 .bss           0x0c00a610        0x0 c:/software/electronica/arm/eclipsearm/sourcery-g++-lite-arm-2011.03/bin/../lib/gcc/arm-none-eabi/4.5.2\libgcc.a(_arm_muldivdf3.o)
 .bss           0x0c00a610        0x0 c:/software/electronica/arm/eclipsearm/sourcery-g++-lite-arm-2011.03/bin/../lib/gcc/arm-none-eabi/4.5.2\libgcc.a(_arm_cmpdf2.o)
 .bss           0x0c00a610        0x0 c:/software/electronica/arm/eclipsearm/sourcery-g++-lite-arm-2011.03/bin/../lib/gcc/arm-none-eabi/4.5.2\libgcc.a(_arm_fixdfsi.o)
 .bss           0x0c00a610        0x0 c:/software/electronica/arm/eclipsearm/sourcery-g++-lite-arm-2011.03/bin/../lib/gcc/arm-none-eabi/4.5.2\libgcc.a(_aeabi_uldivmod.o)
 .bss           0x0c00a610        0x0 c:/software/electronica/arm/eclipsearm/sourcery-g++-lite-arm-2011.03/bin/../lib/gcc/arm-none-eabi/4.5.2\libgcc.a(bpabi.o)
 .bss           0x0c00a610        0x0 c:/software/electronica/arm/eclipsearm/sourcery-g++-lite-arm-2011.03/bin/../lib/gcc/arm-none-eabi/4.5.2\libgcc.a(_divdi3.o)
 .bss           0x0c00a610        0x0 c:/software/electronica/arm/eclipsearm/sourcery-g++-lite-arm-2011.03/bin/../lib/gcc/arm-none-eabi/4.5.2\libgcc.a(_udivdi3.o)
 .bss           0x0c00a610        0x0 c:/software/electronica/arm/eclipsearm/sourcery-g++-lite-arm-2011.03/bin/../lib/gcc/arm-none-eabi/4.5.2\libgcc.a(_clzsi2.o)
 .bss           0x0c00a610        0x4 c:/software/electronica/arm/eclipsearm/sourcery-g++-lite-arm-2011.03/bin/../lib/gcc/arm-none-eabi/4.5.2/../../../../arm-none-eabi/lib\libnosys.a(sbrk.o)
 COMMON         0x0c00a614        0x8 ./commonUart/44blib.o
                0x0c00a614                fileSize
                0x0c00a618                downPt
 COMMON         0x0c00a61c      0x100 ./main.o
                0x0c00a61c                str
 COMMON         0x0c00a71c        0x4 c:/software/electronica/arm/eclipsearm/sourcery-g++-lite-arm-2011.03/bin/../lib/gcc/arm-none-eabi/4.5.2/../../../../arm-none-eabi/lib\libc.a(lib_a-reent.o)
                0x0c00a71c                errno
                0x0c00a720                Image_ZI_Limit = .
                0x0c00a720                __bss_start__ = .
                0x0c00a720                __bss_end__ = .
                0x0c00a720                __EH_FRAME_BEGIN__ = .
                0x0c00a720                __EH_FRAME_END__ = .
                0x0c00a720                PROVIDE (__stack, .)
                0x0c00a720                end = .
                0x0c00a720                _end = .

.ARM.attributes
                0x00000000       0x2c
 .ARM.attributes
                0x00000000       0x22 ./commonUart/44binit.o
 .ARM.attributes
                0x00000022       0x32 ./commonUart/44blib.o
 .ARM.attributes
                0x00000054       0x32 ./main.o
 .ARM.attributes
                0x00000086       0x32 ./uart.o
 .ARM.attributes
                0x000000b8       0x34 c:/software/electronica/arm/eclipsearm/sourcery-g++-lite-arm-2011.03/bin/../lib/gcc/arm-none-eabi/4.5.2/../../../../arm-none-eabi/lib\libc.a(lib_a-vsprintf.o)
 .ARM.attributes
                0x000000ec       0x34 c:/software/electronica/arm/eclipsearm/sourcery-g++-lite-arm-2011.03/bin/../lib/gcc/arm-none-eabi/4.5.2/../../../../arm-none-eabi/lib\libc.a(lib_a-impure.o)
 .ARM.attributes
                0x00000120       0x34 c:/software/electronica/arm/eclipsearm/sourcery-g++-lite-arm-2011.03/bin/../lib/gcc/arm-none-eabi/4.5.2/../../../../arm-none-eabi/lib\libc.a(lib_a-svfprintf.o)
 .ARM.attributes
                0x00000154       0x34 c:/software/electronica/arm/eclipsearm/sourcery-g++-lite-arm-2011.03/bin/../lib/gcc/arm-none-eabi/4.5.2/../../../../arm-none-eabi/lib\libc.a(lib_a-dtoa.o)
 .ARM.attributes
                0x00000188       0x34 c:/software/electronica/arm/eclipsearm/sourcery-g++-lite-arm-2011.03/bin/../lib/gcc/arm-none-eabi/4.5.2/../../../../arm-none-eabi/lib\libc.a(lib_a-locale.o)
 .ARM.attributes
                0x000001bc       0x34 c:/software/electronica/arm/eclipsearm/sourcery-g++-lite-arm-2011.03/bin/../lib/gcc/arm-none-eabi/4.5.2/../../../../arm-none-eabi/lib\libc.a(lib_a-mallocr.o)
 .ARM.attributes
                0x000001f0       0x34 c:/software/electronica/arm/eclipsearm/sourcery-g++-lite-arm-2011.03/bin/../lib/gcc/arm-none-eabi/4.5.2/../../../../arm-none-eabi/lib\libc.a(lib_a-memchr.o)
 .ARM.attributes
                0x00000224       0x34 c:/software/electronica/arm/eclipsearm/sourcery-g++-lite-arm-2011.03/bin/../lib/gcc/arm-none-eabi/4.5.2/../../../../arm-none-eabi/lib\libc.a(lib_a-memcpy.o)
 .ARM.attributes
                0x00000258       0x34 c:/software/electronica/arm/eclipsearm/sourcery-g++-lite-arm-2011.03/bin/../lib/gcc/arm-none-eabi/4.5.2/../../../../arm-none-eabi/lib\libc.a(lib_a-mlock.o)
 .ARM.attributes
                0x0000028c       0x34 c:/software/electronica/arm/eclipsearm/sourcery-g++-lite-arm-2011.03/bin/../lib/gcc/arm-none-eabi/4.5.2/../../../../arm-none-eabi/lib\libc.a(lib_a-mprec.o)
 .ARM.attributes
                0x000002c0       0x34 c:/software/electronica/arm/eclipsearm/sourcery-g++-lite-arm-2011.03/bin/../lib/gcc/arm-none-eabi/4.5.2/../../../../arm-none-eabi/lib\libc.a(lib_a-s_fpclassify.o)
 .ARM.attributes
                0x000002f4       0x34 c:/software/electronica/arm/eclipsearm/sourcery-g++-lite-arm-2011.03/bin/../lib/gcc/arm-none-eabi/4.5.2/../../../../arm-none-eabi/lib\libc.a(lib_a-sbrkr.o)
 .ARM.attributes
                0x00000328       0x34 c:/software/electronica/arm/eclipsearm/sourcery-g++-lite-arm-2011.03/bin/../lib/gcc/arm-none-eabi/4.5.2/../../../../arm-none-eabi/lib\libc.a(lib_a-strcmp.o)
 .ARM.attributes
                0x0000035c       0x34 c:/software/electronica/arm/eclipsearm/sourcery-g++-lite-arm-2011.03/bin/../lib/gcc/arm-none-eabi/4.5.2/../../../../arm-none-eabi/lib\libc.a(lib_a-strlen.o)
 .ARM.attributes
                0x00000390       0x34 c:/software/electronica/arm/eclipsearm/sourcery-g++-lite-arm-2011.03/bin/../lib/gcc/arm-none-eabi/4.5.2/../../../../arm-none-eabi/lib\libc.a(lib_a-svfiprintf.o)
 .ARM.attributes
                0x000003c4       0x34 c:/software/electronica/arm/eclipsearm/sourcery-g++-lite-arm-2011.03/bin/../lib/gcc/arm-none-eabi/4.5.2/../../../../arm-none-eabi/lib\libc.a(lib_a-callocr.o)
 .ARM.attributes
                0x000003f8       0x34 c:/software/electronica/arm/eclipsearm/sourcery-g++-lite-arm-2011.03/bin/../lib/gcc/arm-none-eabi/4.5.2/../../../../arm-none-eabi/lib\libc.a(lib_a-freer.o)
 .ARM.attributes
                0x0000042c       0x34 c:/software/electronica/arm/eclipsearm/sourcery-g++-lite-arm-2011.03/bin/../lib/gcc/arm-none-eabi/4.5.2/../../../../arm-none-eabi/lib\libc.a(lib_a-memmove.o)
 .ARM.attributes
                0x00000460       0x34 c:/software/electronica/arm/eclipsearm/sourcery-g++-lite-arm-2011.03/bin/../lib/gcc/arm-none-eabi/4.5.2/../../../../arm-none-eabi/lib\libc.a(lib_a-memset.o)
 .ARM.attributes
                0x00000494       0x34 c:/software/electronica/arm/eclipsearm/sourcery-g++-lite-arm-2011.03/bin/../lib/gcc/arm-none-eabi/4.5.2/../../../../arm-none-eabi/lib\libc.a(lib_a-reallocr.o)
 .ARM.attributes
                0x000004c8       0x34 c:/software/electronica/arm/eclipsearm/sourcery-g++-lite-arm-2011.03/bin/../lib/gcc/arm-none-eabi/4.5.2/../../../../arm-none-eabi/lib\libc.a(lib_a-reent.o)
 .ARM.attributes
                0x000004fc       0x1a c:/software/electronica/arm/eclipsearm/sourcery-g++-lite-arm-2011.03/bin/../lib/gcc/arm-none-eabi/4.5.2\libgcc.a(_udivsi3.o)
 .ARM.attributes
                0x00000516       0x1a c:/software/electronica/arm/eclipsearm/sourcery-g++-lite-arm-2011.03/bin/../lib/gcc/arm-none-eabi/4.5.2\libgcc.a(_divsi3.o)
 .ARM.attributes
                0x00000530       0x18 c:/software/electronica/arm/eclipsearm/sourcery-g++-lite-arm-2011.03/bin/../lib/gcc/arm-none-eabi/4.5.2\libgcc.a(_dvmd_tls.o)
 .ARM.attributes
                0x00000548       0x1a c:/software/electronica/arm/eclipsearm/sourcery-g++-lite-arm-2011.03/bin/../lib/gcc/arm-none-eabi/4.5.2\libgcc.a(_arm_addsubdf3.o)
 .ARM.attributes
                0x00000562       0x1a c:/software/electronica/arm/eclipsearm/sourcery-g++-lite-arm-2011.03/bin/../lib/gcc/arm-none-eabi/4.5.2\libgcc.a(_arm_muldivdf3.o)
 .ARM.attributes
                0x0000057c       0x1a c:/software/electronica/arm/eclipsearm/sourcery-g++-lite-arm-2011.03/bin/../lib/gcc/arm-none-eabi/4.5.2\libgcc.a(_arm_cmpdf2.o)
 .ARM.attributes
                0x00000596       0x1a c:/software/electronica/arm/eclipsearm/sourcery-g++-lite-arm-2011.03/bin/../lib/gcc/arm-none-eabi/4.5.2\libgcc.a(_arm_fixdfsi.o)
 .ARM.attributes
                0x000005b0       0x1a c:/software/electronica/arm/eclipsearm/sourcery-g++-lite-arm-2011.03/bin/../lib/gcc/arm-none-eabi/4.5.2\libgcc.a(_aeabi_uldivmod.o)
 .ARM.attributes
                0x000005ca       0x34 c:/software/electronica/arm/eclipsearm/sourcery-g++-lite-arm-2011.03/bin/../lib/gcc/arm-none-eabi/4.5.2\libgcc.a(bpabi.o)
 .ARM.attributes
                0x000005fe       0x34 c:/software/electronica/arm/eclipsearm/sourcery-g++-lite-arm-2011.03/bin/../lib/gcc/arm-none-eabi/4.5.2\libgcc.a(_divdi3.o)
 .ARM.attributes
                0x00000632       0x34 c:/software/electronica/arm/eclipsearm/sourcery-g++-lite-arm-2011.03/bin/../lib/gcc/arm-none-eabi/4.5.2\libgcc.a(_udivdi3.o)
 .ARM.attributes
                0x00000666       0x1a c:/software/electronica/arm/eclipsearm/sourcery-g++-lite-arm-2011.03/bin/../lib/gcc/arm-none-eabi/4.5.2\libgcc.a(_clzsi2.o)
 .ARM.attributes
                0x00000680       0x30 c:/software/electronica/arm/eclipsearm/sourcery-g++-lite-arm-2011.03/bin/../lib/gcc/arm-none-eabi/4.5.2/../../../../arm-none-eabi/lib\libnosys.a(sbrk.o)

.comment        0x00000000       0x3b
 .comment       0x00000000       0x2a ./commonUart/44blib.o
                                 0x2b (size before relaxing)
 .comment       0x00000000       0x2b ./main.o
 .comment       0x00000000       0x2b ./uart.o
 .comment       0x0000002a       0x11 c:/software/electronica/arm/eclipsearm/sourcery-g++-lite-arm-2011.03/bin/../lib/gcc/arm-none-eabi/4.5.2/../../../../arm-none-eabi/lib\libnosys.a(sbrk.o)
                                 0x12 (size before relaxing)

.debug_info     0x00000000      0x614
 *(.debug_info)
 .debug_info    0x00000000       0x75 ./commonUart/44binit.o
 .debug_info    0x00000075      0x229 ./commonUart/44blib.o
 .debug_info    0x0000029e       0xfe ./main.o
 .debug_info    0x0000039c      0x1d8 ./uart.o
 .debug_info    0x00000574       0xa0 c:/software/electronica/arm/eclipsearm/sourcery-g++-lite-arm-2011.03/bin/../lib/gcc/arm-none-eabi/4.5.2/../../../../arm-none-eabi/lib\libnosys.a(sbrk.o)

.debug_line     0x00000000      0x9c9
 *(.debug_line)
 .debug_line    0x00000000      0x118 ./commonUart/44binit.o
 .debug_line    0x00000118      0x3d7 ./commonUart/44blib.o
 .debug_line    0x000004ef       0xb3 ./main.o
 .debug_line    0x000005a2      0x3c4 ./uart.o
 .debug_line    0x00000966       0x63 c:/software/electronica/arm/eclipsearm/sourcery-g++-lite-arm-2011.03/bin/../lib/gcc/arm-none-eabi/4.5.2/../../../../arm-none-eabi/lib\libnosys.a(sbrk.o)

.debug_abbrev   0x00000000      0x36b
 *(.debug_abbrev)
 .debug_abbrev  0x00000000       0x14 ./commonUart/44binit.o
 .debug_abbrev  0x00000014      0x11f ./commonUart/44blib.o
 .debug_abbrev  0x00000133       0xb3 ./main.o
 .debug_abbrev  0x000001e6      0x102 ./uart.o
 .debug_abbrev  0x000002e8       0x83 c:/software/electronica/arm/eclipsearm/sourcery-g++-lite-arm-2011.03/bin/../lib/gcc/arm-none-eabi/4.5.2/../../../../arm-none-eabi/lib\libnosys.a(sbrk.o)

.debug_frame    0x00000000      0xa14
 *(.debug_frame)
 .debug_frame   0x00000000       0xd0 ./commonUart/44blib.o
 .debug_frame   0x000000d0       0x30 ./main.o
 .debug_frame   0x00000100      0x104 ./uart.o
 .debug_frame   0x00000204       0x44 c:/software/electronica/arm/eclipsearm/sourcery-g++-lite-arm-2011.03/bin/../lib/gcc/arm-none-eabi/4.5.2/../../../../arm-none-eabi/lib\libc.a(lib_a-vsprintf.o)
 .debug_frame   0x00000248       0x3c c:/software/electronica/arm/eclipsearm/sourcery-g++-lite-arm-2011.03/bin/../lib/gcc/arm-none-eabi/4.5.2/../../../../arm-none-eabi/lib\libc.a(lib_a-svfprintf.o)
 .debug_frame   0x00000284       0x64 c:/software/electronica/arm/eclipsearm/sourcery-g++-lite-arm-2011.03/bin/../lib/gcc/arm-none-eabi/4.5.2/../../../../arm-none-eabi/lib\libc.a(lib_a-dtoa.o)
 .debug_frame   0x000002e8       0x98 c:/software/electronica/arm/eclipsearm/sourcery-g++-lite-arm-2011.03/bin/../lib/gcc/arm-none-eabi/4.5.2/../../../../arm-none-eabi/lib\libc.a(lib_a-locale.o)
 .debug_frame   0x00000380       0x3c c:/software/electronica/arm/eclipsearm/sourcery-g++-lite-arm-2011.03/bin/../lib/gcc/arm-none-eabi/4.5.2/../../../../arm-none-eabi/lib\libc.a(lib_a-mallocr.o)
 .debug_frame   0x000003bc       0x2c c:/software/electronica/arm/eclipsearm/sourcery-g++-lite-arm-2011.03/bin/../lib/gcc/arm-none-eabi/4.5.2/../../../../arm-none-eabi/lib\libc.a(lib_a-memchr.o)
 .debug_frame   0x000003e8       0x30 c:/software/electronica/arm/eclipsearm/sourcery-g++-lite-arm-2011.03/bin/../lib/gcc/arm-none-eabi/4.5.2/../../../../arm-none-eabi/lib\libc.a(lib_a-memcpy.o)
 .debug_frame   0x00000418       0x30 c:/software/electronica/arm/eclipsearm/sourcery-g++-lite-arm-2011.03/bin/../lib/gcc/arm-none-eabi/4.5.2/../../../../arm-none-eabi/lib\libc.a(lib_a-mlock.o)
 .debug_frame   0x00000448      0x228 c:/software/electronica/arm/eclipsearm/sourcery-g++-lite-arm-2011.03/bin/../lib/gcc/arm-none-eabi/4.5.2/../../../../arm-none-eabi/lib\libc.a(lib_a-mprec.o)
 .debug_frame   0x00000670       0x28 c:/software/electronica/arm/eclipsearm/sourcery-g++-lite-arm-2011.03/bin/../lib/gcc/arm-none-eabi/4.5.2/../../../../arm-none-eabi/lib\libc.a(lib_a-s_fpclassify.o)
 .debug_frame   0x00000698       0x2c c:/software/electronica/arm/eclipsearm/sourcery-g++-lite-arm-2011.03/bin/../lib/gcc/arm-none-eabi/4.5.2/../../../../arm-none-eabi/lib\libc.a(lib_a-sbrkr.o)
 .debug_frame   0x000006c4       0x30 c:/software/electronica/arm/eclipsearm/sourcery-g++-lite-arm-2011.03/bin/../lib/gcc/arm-none-eabi/4.5.2/../../../../arm-none-eabi/lib\libc.a(lib_a-strcmp.o)
 .debug_frame   0x000006f4       0x20 c:/software/electronica/arm/eclipsearm/sourcery-g++-lite-arm-2011.03/bin/../lib/gcc/arm-none-eabi/4.5.2/../../../../arm-none-eabi/lib\libc.a(lib_a-strlen.o)
 .debug_frame   0x00000714       0x68 c:/software/electronica/arm/eclipsearm/sourcery-g++-lite-arm-2011.03/bin/../lib/gcc/arm-none-eabi/4.5.2/../../../../arm-none-eabi/lib\libc.a(lib_a-svfiprintf.o)
 .debug_frame   0x0000077c       0x28 c:/software/electronica/arm/eclipsearm/sourcery-g++-lite-arm-2011.03/bin/../lib/gcc/arm-none-eabi/4.5.2/../../../../arm-none-eabi/lib\libc.a(lib_a-callocr.o)
 .debug_frame   0x000007a4       0x50 c:/software/electronica/arm/eclipsearm/sourcery-g++-lite-arm-2011.03/bin/../lib/gcc/arm-none-eabi/4.5.2/../../../../arm-none-eabi/lib\libc.a(lib_a-freer.o)
 .debug_frame   0x000007f4       0x2c c:/software/electronica/arm/eclipsearm/sourcery-g++-lite-arm-2011.03/bin/../lib/gcc/arm-none-eabi/4.5.2/../../../../arm-none-eabi/lib\libc.a(lib_a-memmove.o)
 .debug_frame   0x00000820       0x28 c:/software/electronica/arm/eclipsearm/sourcery-g++-lite-arm-2011.03/bin/../lib/gcc/arm-none-eabi/4.5.2/../../../../arm-none-eabi/lib\libc.a(lib_a-memset.o)
 .debug_frame   0x00000848       0x3c c:/software/electronica/arm/eclipsearm/sourcery-g++-lite-arm-2011.03/bin/../lib/gcc/arm-none-eabi/4.5.2/../../../../arm-none-eabi/lib\libc.a(lib_a-reallocr.o)
 .debug_frame   0x00000884       0x68 c:/software/electronica/arm/eclipsearm/sourcery-g++-lite-arm-2011.03/bin/../lib/gcc/arm-none-eabi/4.5.2/../../../../arm-none-eabi/lib\libc.a(lib_a-reent.o)
 .debug_frame   0x000008ec       0x20 c:/software/electronica/arm/eclipsearm/sourcery-g++-lite-arm-2011.03/bin/../lib/gcc/arm-none-eabi/4.5.2\libgcc.a(_udivsi3.o)
 .debug_frame   0x0000090c       0x20 c:/software/electronica/arm/eclipsearm/sourcery-g++-lite-arm-2011.03/bin/../lib/gcc/arm-none-eabi/4.5.2\libgcc.a(_divsi3.o)
 .debug_frame   0x0000092c       0x50 c:/software/electronica/arm/eclipsearm/sourcery-g++-lite-arm-2011.03/bin/../lib/gcc/arm-none-eabi/4.5.2\libgcc.a(bpabi.o)
 .debug_frame   0x0000097c       0x3c c:/software/electronica/arm/eclipsearm/sourcery-g++-lite-arm-2011.03/bin/../lib/gcc/arm-none-eabi/4.5.2\libgcc.a(_divdi3.o)
 .debug_frame   0x000009b8       0x3c c:/software/electronica/arm/eclipsearm/sourcery-g++-lite-arm-2011.03/bin/../lib/gcc/arm-none-eabi/4.5.2\libgcc.a(_udivdi3.o)
 .debug_frame   0x000009f4       0x20 c:/software/electronica/arm/eclipsearm/sourcery-g++-lite-arm-2011.03/bin/../lib/gcc/arm-none-eabi/4.5.2/../../../../arm-none-eabi/lib\libnosys.a(sbrk.o)
START GROUP
LOAD c:/software/electronica/arm/eclipsearm/sourcery-g++-lite-arm-2011.03/bin/../lib/gcc/arm-none-eabi/4.5.2\libgcc.a
LOAD c:/software/electronica/arm/eclipsearm/sourcery-g++-lite-arm-2011.03/bin/../lib/gcc/arm-none-eabi/4.5.2/../../../../arm-none-eabi/lib\libg.a
LOAD c:/software/electronica/arm/eclipsearm/sourcery-g++-lite-arm-2011.03/bin/../lib/gcc/arm-none-eabi/4.5.2/../../../../arm-none-eabi/lib\libc.a
LOAD c:/software/electronica/arm/eclipsearm/sourcery-g++-lite-arm-2011.03/bin/../lib/gcc/arm-none-eabi/4.5.2/../../../../arm-none-eabi/lib\libm.a
LOAD c:/software/electronica/arm/eclipsearm/sourcery-g++-lite-arm-2011.03/bin/../lib/gcc/arm-none-eabi/4.5.2/../../../../arm-none-eabi/lib\libnosys.a
END GROUP
OUTPUT(Practica4_ParteA.elf elf32-littlearm)

.debug_aranges  0x00000000       0xa0
 .debug_aranges
                0x00000000       0x20 ./commonUart/44binit.o
 .debug_aranges
                0x00000020       0x20 ./commonUart/44blib.o
 .debug_aranges
                0x00000040       0x20 ./main.o
 .debug_aranges
                0x00000060       0x20 ./uart.o
 .debug_aranges
                0x00000080       0x20 c:/software/electronica/arm/eclipsearm/sourcery-g++-lite-arm-2011.03/bin/../lib/gcc/arm-none-eabi/4.5.2/../../../../arm-none-eabi/lib\libnosys.a(sbrk.o)

.debug_macinfo  0x00000000    0x14e9a
 .debug_macinfo
                0x00000000     0x82fb ./commonUart/44blib.o
 .debug_macinfo
                0x000082fb     0x50d3 ./main.o
 .debug_macinfo
                0x0000d3ce     0x7acc ./uart.o

.debug_loc      0x00000000      0x289
 .debug_loc     0x00000000      0x108 ./commonUart/44blib.o
 .debug_loc     0x00000108       0x2c ./main.o
 .debug_loc     0x00000134      0x134 ./uart.o
 .debug_loc     0x00000268       0x21 c:/software/electronica/arm/eclipsearm/sourcery-g++-lite-arm-2011.03/bin/../lib/gcc/arm-none-eabi/4.5.2/../../../../arm-none-eabi/lib\libnosys.a(sbrk.o)

.debug_pubnames
                0x00000000      0x154
 .debug_pubnames
                0x00000000       0x90 ./commonUart/44blib.o
 .debug_pubnames
                0x00000090       0x3e ./main.o
 .debug_pubnames
                0x000000ce       0x86 ./uart.o

.debug_pubtypes
                0x00000000       0x51
 .debug_pubtypes
                0x00000000       0x12 ./commonUart/44blib.o
 .debug_pubtypes
                0x00000012       0x3f ./uart.o

.debug_str      0x00000000      0x290
 .debug_str     0x00000000      0x12f ./commonUart/44blib.o
                                0x16d (size before relaxing)
 .debug_str     0x0000012f       0x29 ./main.o
                                 0x79 (size before relaxing)
 .debug_str     0x00000158       0x9a ./uart.o
                                0x169 (size before relaxing)
 .debug_str     0x000001f2       0x9e c:/software/electronica/arm/eclipsearm/sourcery-g++-lite-arm-2011.03/bin/../lib/gcc/arm-none-eabi/4.5.2/../../../../arm-none-eabi/lib\libnosys.a(sbrk.o)
                                 0xac (size before relaxing)
