Archive member included because of file (symbol)

c:/software/electronica/arm/eclipsearm/sourcery-g++-lite-arm-2011.03/bin/../lib/gcc/arm-none-eabi/4.5.2\libgcc.a(_divsi3.o)
                              ./commonEclipse/44blib.o (__aeabi_idiv)
c:/software/electronica/arm/eclipsearm/sourcery-g++-lite-arm-2011.03/bin/../lib/gcc/arm-none-eabi/4.5.2\libgcc.a(_dvmd_tls.o)
                              c:/software/electronica/arm/eclipsearm/sourcery-g++-lite-arm-2011.03/bin/../lib/gcc/arm-none-eabi/4.5.2\libgcc.a(_divsi3.o) (__aeabi_idiv0)

Allocating common symbols
Common symbol       size              file

led_state           0x4               ./led.o
fileSize            0x4               ./commonEclipse/44blib.o
contador            0x4               ./button.o
downPt              0x4               ./commonEclipse/44blib.o

Memory Configuration

Name             Origin             Length             Attributes
*default*        0x00000000         0xffffffff

Linker script and memory map

LOAD ./commonEclipse/44binit.o
LOAD ./commonEclipse/44blib.o
LOAD ./button.o
LOAD ./init.o
LOAD ./led.o
LOAD ./main.o
START GROUP
LOAD c:/software/electronica/arm/eclipsearm/sourcery-g++-lite-arm-2011.03/bin/../lib/gcc/arm-none-eabi/4.5.2\libgcc.a
LOAD c:/software/electronica/arm/eclipsearm/sourcery-g++-lite-arm-2011.03/bin/../lib/gcc/arm-none-eabi/4.5.2/../../../../arm-none-eabi/lib\libc.a
END GROUP
                0x0c000000                . = 0xc000000
                0x0c000000                Image_RO_Base = .

.text           0x0c000000     0x1074
 *(.text)
 .text          0x0c000000      0x70c ./commonEclipse/44binit.o
 .text          0x0c00070c      0x45c ./commonEclipse/44blib.o
                0x0c00070c                Delay
                0x0c000844                DelayMs
                0x0c0008a8                Port_Init
                0x0c000a38                malloc
                0x0c000ad8                free
                0x0c000b08                sys_init
 .text          0x0c000b68      0x154 ./button.o
                0x0c000b68                Eint4567_init
                0x0c000c40                Eint4567_ISR
 .text          0x0c000cbc       0x1c ./init.o
                0x0c000cbc                start
 .text          0x0c000cd8      0x230 ./led.o
                0x0c000cd8                leds_on
                0x0c000cf8                leds_off
                0x0c000d18                led1_on
                0x0c000d58                led1_off
                0x0c000d98                led2_on
                0x0c000dd8                led2_off
                0x0c000e18                leds_switch
                0x0c000e58                Led_Display
 .text          0x0c000f08       0x20 ./main.o
                0x0c000f08                Main
 .text          0x0c000f28      0x148 c:/software/electronica/arm/eclipsearm/sourcery-g++-lite-arm-2011.03/bin/../lib/gcc/arm-none-eabi/4.5.2\libgcc.a(_divsi3.o)
                0x0c000f28                __divsi3
                0x0c000f28                __aeabi_idiv
                0x0c001050                __aeabi_idivmod
 .text          0x0c001070        0x4 c:/software/electronica/arm/eclipsearm/sourcery-g++-lite-arm-2011.03/bin/../lib/gcc/arm-none-eabi/4.5.2\libgcc.a(_dvmd_tls.o)
                0x0c001070                __aeabi_idiv0
                0x0c001070                __aeabi_ldiv0
                0x0c001074                Image_RO_Limit = .
                0x0c001074                Image_RW_Base = .

.glue_7         0x0c001074        0x0
 .glue_7        0x00000000        0x0 linker stubs

.glue_7t        0x0c001074        0x0
 .glue_7t       0x00000000        0x0 linker stubs

.vfp11_veneer   0x0c001074        0x0
 .vfp11_veneer  0x00000000        0x0 linker stubs

.v4_bx          0x0c001074        0x0
 .v4_bx         0x00000000        0x0 linker stubs

.data           0x0c001074       0x14
 *(.data)
 .data          0x0c001074        0x6 ./commonEclipse/44binit.o
                0x0c001074                BDRAMTYPE
 *fill*         0x0c00107a        0x2 00
 .data          0x0c00107c        0xc ./commonEclipse/44blib.o
                0x0c00107c                mallocPt
                0x0c001080                run
 .data          0x0c001088        0x0 ./button.o
 .data          0x0c001088        0x0 ./init.o
 .data          0x0c001088        0x0 ./led.o
 .data          0x0c001088        0x0 ./main.o
 .data          0x0c001088        0x0 c:/software/electronica/arm/eclipsearm/sourcery-g++-lite-arm-2011.03/bin/../lib/gcc/arm-none-eabi/4.5.2\libgcc.a(_divsi3.o)
 .data          0x0c001088        0x0 c:/software/electronica/arm/eclipsearm/sourcery-g++-lite-arm-2011.03/bin/../lib/gcc/arm-none-eabi/4.5.2\libgcc.a(_dvmd_tls.o)

.rodata
 *(.rodata)
                0x0c001088                Image_RW_Limit = .
                0x0c001088                Image_ZI_Base = .

.bss            0x0c001088       0x18
 *(.bss)
 .bss           0x0c001088        0x0 ./commonEclipse/44binit.o
 .bss           0x0c001088        0x4 ./commonEclipse/44blib.o
                0x0c001088                restart
 .bss           0x0c00108c        0x4 ./button.o
                0x0c00108c                symbol
 .bss           0x0c001090        0x0 ./init.o
 .bss           0x0c001090        0x0 ./led.o
 .bss           0x0c001090        0x0 ./main.o
 .bss           0x0c001090        0x0 c:/software/electronica/arm/eclipsearm/sourcery-g++-lite-arm-2011.03/bin/../lib/gcc/arm-none-eabi/4.5.2\libgcc.a(_divsi3.o)
 .bss           0x0c001090        0x0 c:/software/electronica/arm/eclipsearm/sourcery-g++-lite-arm-2011.03/bin/../lib/gcc/arm-none-eabi/4.5.2\libgcc.a(_dvmd_tls.o)
 COMMON         0x0c001090        0x8 ./commonEclipse/44blib.o
                0x0c001090                fileSize
                0x0c001094                downPt
 COMMON         0x0c001098        0x4 ./button.o
                0x0c001098                contador
 COMMON         0x0c00109c        0x4 ./led.o
                0x0c00109c                led_state
                0x0c0010a0                Image_ZI_Limit = .
                0x0c0010a0                __bss_start__ = .
                0x0c0010a0                __bss_end__ = .
                0x0c0010a0                __EH_FRAME_BEGIN__ = .
                0x0c0010a0                __EH_FRAME_END__ = .
                0x0c0010a0                PROVIDE (__stack, .)
                0x0c0010a0                end = .
                0x0c0010a0                _end = .

.ARM.attributes
                0x00000000       0x2e
 .ARM.attributes
                0x00000000       0x22 ./commonEclipse/44binit.o
 .ARM.attributes
                0x00000022       0x32 ./commonEclipse/44blib.o
 .ARM.attributes
                0x00000054       0x32 ./button.o
 .ARM.attributes
                0x00000086       0x22 ./init.o
 .ARM.attributes
                0x000000a8       0x32 ./led.o
 .ARM.attributes
                0x000000da       0x32 ./main.o
 .ARM.attributes
                0x0000010c       0x1a c:/software/electronica/arm/eclipsearm/sourcery-g++-lite-arm-2011.03/bin/../lib/gcc/arm-none-eabi/4.5.2\libgcc.a(_divsi3.o)
 .ARM.attributes
                0x00000126       0x18 c:/software/electronica/arm/eclipsearm/sourcery-g++-lite-arm-2011.03/bin/../lib/gcc/arm-none-eabi/4.5.2\libgcc.a(_dvmd_tls.o)

.comment        0x00000000       0x2a
 .comment       0x00000000       0x2a ./commonEclipse/44blib.o
                                 0x2b (size before relaxing)
 .comment       0x00000000       0x2b ./button.o
 .comment       0x00000000       0x2b ./led.o
 .comment       0x00000000       0x2b ./main.o

.debug_info     0x00000000      0x522
 *(.debug_info)
 .debug_info    0x00000000       0x77 ./commonEclipse/44binit.o
 .debug_info    0x00000077      0x229 ./commonEclipse/44blib.o
 .debug_info    0x000002a0       0x8c ./button.o
 .debug_info    0x0000032c       0x66 ./init.o
 .debug_info    0x00000392      0x104 ./led.o
 .debug_info    0x00000496       0x8c ./main.o

.debug_line     0x00000000      0xa17
 *(.debug_line)
 .debug_line    0x00000000      0x116 ./commonEclipse/44binit.o
 .debug_line    0x00000116      0x3d9 ./commonEclipse/44blib.o
 .debug_line    0x000004ef       0xbf ./button.o
 .debug_line    0x000005ae       0x3d ./init.o
 .debug_line    0x000005eb       0xb4 ./led.o
 .debug_line    0x0000069f      0x378 ./main.o

.debug_abbrev   0x00000000      0x25c
 *(.debug_abbrev)
 .debug_abbrev  0x00000000       0x14 ./commonEclipse/44binit.o
 .debug_abbrev  0x00000014      0x11f ./commonEclipse/44blib.o
 .debug_abbrev  0x00000133       0x58 ./button.o
 .debug_abbrev  0x0000018b       0x14 ./init.o
 .debug_abbrev  0x0000019f       0x7c ./led.o
 .debug_abbrev  0x0000021b       0x41 ./main.o

.debug_frame    0x00000000      0x28c
 *(.debug_frame)
 .debug_frame   0x00000000       0xd0 ./commonEclipse/44blib.o
 .debug_frame   0x000000d0       0x5c ./button.o
 .debug_frame   0x0000012c      0x110 ./led.o
 .debug_frame   0x0000023c       0x30 ./main.o
 .debug_frame   0x0000026c       0x20 c:/software/electronica/arm/eclipsearm/sourcery-g++-lite-arm-2011.03/bin/../lib/gcc/arm-none-eabi/4.5.2\libgcc.a(_divsi3.o)
OUTPUT(SED_Practica1.1.elf elf32-littlearm)

.debug_aranges  0x00000000       0xc0
 .debug_aranges
                0x00000000       0x20 ./commonEclipse/44binit.o
 .debug_aranges
                0x00000020       0x20 ./commonEclipse/44blib.o
 .debug_aranges
                0x00000040       0x20 ./button.o
 .debug_aranges
                0x00000060       0x20 ./init.o
 .debug_aranges
                0x00000080       0x20 ./led.o
 .debug_aranges
                0x000000a0       0x20 ./main.o

.debug_macinfo  0x00000000    0x1a09b
 .debug_macinfo
                0x00000000     0x82fb ./commonEclipse/44blib.o
 .debug_macinfo
                0x000082fb     0x5227 ./button.o
 .debug_macinfo
                0x0000d522     0x50a3 ./led.o
 .debug_macinfo
                0x000125c5     0x7ad6 ./main.o

.debug_loc      0x00000000      0x2ec
 .debug_loc     0x00000000      0x108 ./commonEclipse/44blib.o
 .debug_loc     0x00000108       0x58 ./button.o
 .debug_loc     0x00000160      0x160 ./led.o
 .debug_loc     0x000002c0       0x2c ./main.o

.debug_pubnames
                0x00000000      0x183
 .debug_pubnames
                0x00000000       0x90 ./commonEclipse/44blib.o
 .debug_pubnames
                0x00000090       0x4d ./button.o
 .debug_pubnames
                0x000000dd       0x8b ./led.o
 .debug_pubnames
                0x00000168       0x1b ./main.o

.debug_pubtypes
                0x00000000       0x24
 .debug_pubtypes
                0x00000000       0x12 ./commonEclipse/44blib.o
 .debug_pubtypes
                0x00000012       0x12 ./main.o

.debug_str      0x00000000      0x1df
 .debug_str     0x00000000      0x131 ./commonEclipse/44blib.o
                                0x16f (size before relaxing)
 .debug_str     0x00000131       0x37 ./button.o
                                 0x74 (size before relaxing)
 .debug_str     0x00000168       0x68 ./led.o
                                 0xa5 (size before relaxing)
 .debug_str     0x000001d0        0xf ./main.o
                                 0xd5 (size before relaxing)
