Archive member included because of file (symbol)

c:/software/electronica/arm/eclipsearm/sourcery-g++-lite-arm-2011.03/bin/../lib/gcc/arm-none-eabi/4.5.2\libgcc.a(_divsi3.o)
                              ./commonEclipse/44blib.o (__aeabi_idiv)
c:/software/electronica/arm/eclipsearm/sourcery-g++-lite-arm-2011.03/bin/../lib/gcc/arm-none-eabi/4.5.2\libgcc.a(_dvmd_tls.o)
                              c:/software/electronica/arm/eclipsearm/sourcery-g++-lite-arm-2011.03/bin/../lib/gcc/arm-none-eabi/4.5.2\libgcc.a(_divsi3.o) (__aeabi_idiv0)

Allocating common symbols
Common symbol       size              file

led_state           0x4               ./led.o
fileSize            0x4               ./commonEclipse/44blib.o
downPt              0x4               ./commonEclipse/44blib.o

Memory Configuration

Name             Origin             Length             Attributes
*default*        0x00000000         0xffffffff

Linker script and memory map

LOAD ./commonEclipse/44binit.o
LOAD ./commonEclipse/44blib.o
LOAD ./init.o
LOAD ./led.o
LOAD ./main.o
START GROUP
LOAD c:/software/electronica/arm/eclipsearm/sourcery-g++-lite-arm-2011.03/bin/../lib/gcc/arm-none-eabi/4.5.2\libgcc.a
LOAD c:/software/electronica/arm/eclipsearm/sourcery-g++-lite-arm-2011.03/bin/../lib/gcc/arm-none-eabi/4.5.2/../../../../arm-none-eabi/lib\libc.a
END GROUP
                0x0c000000                . = 0xc000000
                0x0c000000                Image_RO_Base = .

.text           0x0c000000      0xfd0
 *(.text)
 .text          0x0c000000      0x70c ./commonEclipse/44binit.o
 .text          0x0c00070c      0x45c ./commonEclipse/44blib.o
                0x0c00070c                Delay
                0x0c000844                DelayMs
                0x0c0008a8                Port_Init
                0x0c000a38                malloc
                0x0c000ad8                free
                0x0c000b08                sys_init
 .text          0x0c000b68       0x1c ./init.o
                0x0c000b68                start
 .text          0x0c000b84      0x230 ./led.o
                0x0c000b84                leds_on
                0x0c000ba4                leds_off
                0x0c000bc4                led1_on
                0x0c000c04                led1_off
                0x0c000c44                led2_on
                0x0c000c84                led2_off
                0x0c000cc4                leds_switch
                0x0c000d04                Led_Display
 .text          0x0c000db4       0xd0 ./main.o
                0x0c000db4                Main
                0x0c000e44                button_init
 .text          0x0c000e84      0x148 c:/software/electronica/arm/eclipsearm/sourcery-g++-lite-arm-2011.03/bin/../lib/gcc/arm-none-eabi/4.5.2\libgcc.a(_divsi3.o)
                0x0c000e84                __divsi3
                0x0c000e84                __aeabi_idiv
                0x0c000fac                __aeabi_idivmod
 .text          0x0c000fcc        0x4 c:/software/electronica/arm/eclipsearm/sourcery-g++-lite-arm-2011.03/bin/../lib/gcc/arm-none-eabi/4.5.2\libgcc.a(_dvmd_tls.o)
                0x0c000fcc                __aeabi_idiv0
                0x0c000fcc                __aeabi_ldiv0
                0x0c000fd0                Image_RO_Limit = .
                0x0c000fd0                Image_RW_Base = .

.glue_7         0x0c000fd0        0x0
 .glue_7        0x00000000        0x0 linker stubs

.glue_7t        0x0c000fd0        0x0
 .glue_7t       0x00000000        0x0 linker stubs

.vfp11_veneer   0x0c000fd0        0x0
 .vfp11_veneer  0x00000000        0x0 linker stubs

.v4_bx          0x0c000fd0        0x0
 .v4_bx         0x00000000        0x0 linker stubs

.data           0x0c000fd0       0x14
 *(.data)
 .data          0x0c000fd0        0x6 ./commonEclipse/44binit.o
                0x0c000fd0                BDRAMTYPE
 *fill*         0x0c000fd6        0x2 00
 .data          0x0c000fd8        0xc ./commonEclipse/44blib.o
                0x0c000fd8                mallocPt
                0x0c000fdc                run
 .data          0x0c000fe4        0x0 ./init.o
 .data          0x0c000fe4        0x0 ./led.o
 .data          0x0c000fe4        0x0 ./main.o
 .data          0x0c000fe4        0x0 c:/software/electronica/arm/eclipsearm/sourcery-g++-lite-arm-2011.03/bin/../lib/gcc/arm-none-eabi/4.5.2\libgcc.a(_divsi3.o)
 .data          0x0c000fe4        0x0 c:/software/electronica/arm/eclipsearm/sourcery-g++-lite-arm-2011.03/bin/../lib/gcc/arm-none-eabi/4.5.2\libgcc.a(_dvmd_tls.o)

.rodata
 *(.rodata)
                0x0c000fe4                Image_RW_Limit = .
                0x0c000fe4                Image_ZI_Base = .

.bss            0x0c000fe4       0x10
 *(.bss)
 .bss           0x0c000fe4        0x0 ./commonEclipse/44binit.o
 .bss           0x0c000fe4        0x4 ./commonEclipse/44blib.o
                0x0c000fe4                restart
 .bss           0x0c000fe8        0x0 ./init.o
 .bss           0x0c000fe8        0x0 ./led.o
 .bss           0x0c000fe8        0x0 ./main.o
 .bss           0x0c000fe8        0x0 c:/software/electronica/arm/eclipsearm/sourcery-g++-lite-arm-2011.03/bin/../lib/gcc/arm-none-eabi/4.5.2\libgcc.a(_divsi3.o)
 .bss           0x0c000fe8        0x0 c:/software/electronica/arm/eclipsearm/sourcery-g++-lite-arm-2011.03/bin/../lib/gcc/arm-none-eabi/4.5.2\libgcc.a(_dvmd_tls.o)
 COMMON         0x0c000fe8        0x8 ./commonEclipse/44blib.o
                0x0c000fe8                fileSize
                0x0c000fec                downPt
 COMMON         0x0c000ff0        0x4 ./led.o
                0x0c000ff0                led_state
                0x0c000ff4                Image_ZI_Limit = .
                0x0c000ff4                __bss_start__ = .
                0x0c000ff4                __bss_end__ = .
                0x0c000ff4                __EH_FRAME_BEGIN__ = .
                0x0c000ff4                __EH_FRAME_END__ = .
                0x0c000ff4                PROVIDE (__stack, .)
                0x0c000ff4                end = .
                0x0c000ff4                _end = .

.ARM.attributes
                0x00000000       0x2e
 .ARM.attributes
                0x00000000       0x22 ./commonEclipse/44binit.o
 .ARM.attributes
                0x00000022       0x32 ./commonEclipse/44blib.o
 .ARM.attributes
                0x00000054       0x22 ./init.o
 .ARM.attributes
                0x00000076       0x32 ./led.o
 .ARM.attributes
                0x000000a8       0x32 ./main.o
 .ARM.attributes
                0x000000da       0x1a c:/software/electronica/arm/eclipsearm/sourcery-g++-lite-arm-2011.03/bin/../lib/gcc/arm-none-eabi/4.5.2\libgcc.a(_divsi3.o)
 .ARM.attributes
                0x000000f4       0x18 c:/software/electronica/arm/eclipsearm/sourcery-g++-lite-arm-2011.03/bin/../lib/gcc/arm-none-eabi/4.5.2\libgcc.a(_dvmd_tls.o)

.comment        0x00000000       0x2a
 .comment       0x00000000       0x2a ./commonEclipse/44blib.o
                                 0x2b (size before relaxing)
 .comment       0x00000000       0x2b ./led.o
 .comment       0x00000000       0x2b ./main.o

.debug_info     0x00000000      0x4aa
 *(.debug_info)
 .debug_info    0x00000000       0x77 ./commonEclipse/44binit.o
 .debug_info    0x00000077      0x229 ./commonEclipse/44blib.o
 .debug_info    0x000002a0       0x66 ./init.o
 .debug_info    0x00000306      0x104 ./led.o
 .debug_info    0x0000040a       0xa0 ./main.o

.debug_line     0x00000000      0x974
 *(.debug_line)
 .debug_line    0x00000000      0x116 ./commonEclipse/44binit.o
 .debug_line    0x00000116      0x3d9 ./commonEclipse/44blib.o
 .debug_line    0x000004ef       0x3d ./init.o
 .debug_line    0x0000052c       0xb4 ./led.o
 .debug_line    0x000005e0      0x394 ./main.o

.debug_abbrev   0x00000000      0x217
 *(.debug_abbrev)
 .debug_abbrev  0x00000000       0x14 ./commonEclipse/44binit.o
 .debug_abbrev  0x00000014      0x11f ./commonEclipse/44blib.o
 .debug_abbrev  0x00000133       0x14 ./init.o
 .debug_abbrev  0x00000147       0x7c ./led.o
 .debug_abbrev  0x000001c3       0x54 ./main.o

.debug_frame    0x00000000      0x250
 *(.debug_frame)
 .debug_frame   0x00000000       0xd0 ./commonEclipse/44blib.o
 .debug_frame   0x000000d0      0x110 ./led.o
 .debug_frame   0x000001e0       0x50 ./main.o
 .debug_frame   0x00000230       0x20 c:/software/electronica/arm/eclipsearm/sourcery-g++-lite-arm-2011.03/bin/../lib/gcc/arm-none-eabi/4.5.2\libgcc.a(_divsi3.o)
OUTPUT(SED_Practica1.1.elf elf32-littlearm)

.debug_aranges  0x00000000       0xa0
 .debug_aranges
                0x00000000       0x20 ./commonEclipse/44binit.o
 .debug_aranges
                0x00000020       0x20 ./commonEclipse/44blib.o
 .debug_aranges
                0x00000040       0x20 ./init.o
 .debug_aranges
                0x00000060       0x20 ./led.o
 .debug_aranges
                0x00000080       0x20 ./main.o

.debug_macinfo  0x00000000    0x14e74
 .debug_macinfo
                0x00000000     0x82fb ./commonEclipse/44blib.o
 .debug_macinfo
                0x000082fb     0x50a3 ./led.o
 .debug_macinfo
                0x0000d39e     0x7ad6 ./main.o

.debug_loc      0x00000000      0x2c0
 .debug_loc     0x00000000      0x108 ./commonEclipse/44blib.o
 .debug_loc     0x00000108      0x160 ./led.o
 .debug_loc     0x00000268       0x58 ./main.o

.debug_pubnames
                0x00000000      0x146
 .debug_pubnames
                0x00000000       0x90 ./commonEclipse/44blib.o
 .debug_pubnames
                0x00000090       0x8b ./led.o
 .debug_pubnames
                0x0000011b       0x2b ./main.o

.debug_pubtypes
                0x00000000       0x24
 .debug_pubtypes
                0x00000000       0x12 ./commonEclipse/44blib.o
 .debug_pubtypes
                0x00000012       0x12 ./main.o

.debug_str      0x00000000      0x1b4
 .debug_str     0x00000000      0x131 ./commonEclipse/44blib.o
                                0x16f (size before relaxing)
 .debug_str     0x00000131       0x68 ./led.o
                                 0xa5 (size before relaxing)
 .debug_str     0x00000199       0x1b ./main.o
                                 0xe1 (size before relaxing)
