Archive member included because of file (symbol)

C:\hlocal\EclipseARMwspace\Practica3_parteB\commonEclipse\libsedLib.a(system.o)
                              ./iic.o (mclk)

Allocating common symbols
Common symbol       size              file

direccion           0x2               ./main.o
estado              0x4               ./main.o
dato                0x1               ./main.o
key                 0x4               ./keyboard.o

Memory Configuration

Name             Origin             Length             Attributes
*default*        0x00000000         0xffffffff

Linker script and memory map

LOAD ./8led.o
LOAD ./at24C04.o
LOAD ./button.o
LOAD ./iic.o
LOAD ./init.o
LOAD ./keyboard.o
LOAD ./main.o
LOAD C:\software\electronica\ARM\EclipseARM\eclipse\/../sourcery-g++-lite-arm-2011.03/arm-none-eabi/lib\libc.a
LOAD C:\software\electronica\ARM\EclipseARM\eclipse\/../sourcery-g++-lite-arm-2011.03/lib/gcc/arm-none-eabi/4.5.2\libgcc.a
LOAD C:\software\electronica\ARM\EclipseARM\eclipse\/../sourcery-g++-lite-arm-2011.03/arm-none-eabi/lib\libnosys.a
LOAD C:\hlocal\EclipseARMwspace\Practica3_parteB\commonEclipse\libsedLib.a
START GROUP
LOAD C:\software\electronica\ARM\EclipseARM\eclipse\/../sourcery-g++-lite-arm-2011.03/lib/gcc/arm-none-eabi/4.5.2\libgcc.a
LOAD C:\software\electronica\ARM\EclipseARM\eclipse\/../sourcery-g++-lite-arm-2011.03/arm-none-eabi/lib\libc.a
END GROUP
                0x0c100000                . = 0xc100000
                0x0c100000                _image_start = .
                0x0c100000                _code_start = .

.text           0x0c100000      0xec0
 *(.text)
 .text          0x0c100000       0x60 ./8led.o
                0x0c100000                D8Led_init
                0x0c100024                D8Led_symbol
 .text          0x0c100060      0x130 ./at24C04.o
                0x0c100060                at24c04_bytewrite
                0x0c1000e0                at24c04_byteread
 .text          0x0c100190      0x250 ./button.o
                0x0c100190                Eint4567_init
                0x0c100258                Eint4567_ISR
 .text          0x0c1003e0      0x3cc ./iic.o
                0x0c1003e0                iic_init
                0x0c1004a8                iic_putByte_start
                0x0c10051c                iic_putByte
                0x0c100580                iic_putByte_stop
                0x0c100610                iic_getByte_start
                0x0c100684                iic_getByte
                0x0c1006e0                iic_getByte_stop
 .text          0x0c1007ac       0x1c ./init.o
                0x0c1007ac                start
 .text          0x0c1007c8      0x354 ./keyboard.o
                0x0c1007c8                keyboard_init
                0x0c10087c                KeyboardInt
                0x0c1009dc                key_read
 .text          0x0c100b1c       0x88 ./main.o
                0x0c100b1c                Main
 .text          0x0c100ba4      0x31c C:\hlocal\EclipseARMwspace\Practica3_parteB\commonEclipse\libsedLib.a(system.o)
                0x0c100ba4                DelayMs
                0x0c100c04                sys_init
                0x0c100d44                port_init
                0x0c100ec0                _code_end = .
                0x00000ec0                _code_size = SIZEOF (.text)
                0x0c100ec0                _data_start = .

.glue_7         0x0c100ec0        0x0
 .glue_7        0x00000000        0x0 linker stubs

.glue_7t        0x0c100ec0        0x0
 .glue_7t       0x00000000        0x0 linker stubs

.vfp11_veneer   0x0c100ec0        0x0
 .vfp11_veneer  0x00000000        0x0 linker stubs

.v4_bx          0x0c100ec0        0x0
 .v4_bx         0x00000000        0x0 linker stubs

.rodata         0x0c100ec0        0x4
 *(.rodata)
 .rodata        0x0c100ec0        0x4 ./keyboard.o

.data           0x0c100ec4       0x50
 *(.data)
 .data          0x0c100ec4       0x40 ./8led.o
                0x0c100ec4                Symbol
 .data          0x0c100f04        0x0 ./at24C04.o
 .data          0x0c100f04        0x0 ./button.o
 .data          0x0c100f04        0x0 ./iic.o
 .data          0x0c100f04        0x0 ./init.o
 .data          0x0c100f04        0x4 ./keyboard.o
                0x0c100f04                keyboard_base
 .data          0x0c100f08        0x0 ./main.o
 .data          0x0c100f08        0xc C:\hlocal\EclipseARMwspace\Practica3_parteB\commonEclipse\libsedLib.a(system.o)
                0x0c100f10                mclk

.bss            0x0c100f14       0x11
 *(.bss)
 .bss           0x0c100f14        0x0 ./8led.o
 .bss           0x0c100f14        0x0 ./at24C04.o
 .bss           0x0c100f14        0x4 ./button.o
                0x0c100f14                symbol
 .bss           0x0c100f18        0x0 ./iic.o
 .bss           0x0c100f18        0x0 ./init.o
 .bss           0x0c100f18        0x0 ./keyboard.o
 .bss           0x0c100f18        0x0 ./main.o
 .bss           0x0c100f18        0x0 C:\hlocal\EclipseARMwspace\Practica3_parteB\commonEclipse\libsedLib.a(system.o)
 COMMON         0x0c100f18        0x4 ./keyboard.o
                0x0c100f18                key
 COMMON         0x0c100f1c        0x9 ./main.o
                0x0c100f1c                direccion
                0x0c100f20                estado
                0x0c100f24                dato
                0x0c100f25                _data_end = .
                0x00000065                _data_size = ((SIZEOF (.rodata) + SIZEOF (.data)) + SIZEOF (.bss))
                0x00000f25                _total_size = (_code_size + _data_size)
                0x0c100f25                _image_end = .
                0x0c100f25                end = .
OUTPUT(Practica3_parteB.elf elf32-littlearm)

.debug_abbrev   0x00000000      0x52e
 .debug_abbrev  0x00000000       0x9b ./8led.o
 .debug_abbrev  0x0000009b       0x77 ./at24C04.o
 .debug_abbrev  0x00000112       0x9f ./button.o
 .debug_abbrev  0x000001b1       0xd3 ./iic.o
 .debug_abbrev  0x00000284       0x14 ./init.o
 .debug_abbrev  0x00000298      0x103 ./keyboard.o
 .debug_abbrev  0x0000039b       0xc9 ./main.o
 .debug_abbrev  0x00000464       0xca C:\hlocal\EclipseARMwspace\Practica3_parteB\commonEclipse\libsedLib.a(system.o)

.debug_info     0x00000000      0x907
 .debug_info    0x00000000       0xa4 ./8led.o
 .debug_info    0x000000a4      0x106 ./at24C04.o
 .debug_info    0x000001aa      0x12d ./button.o
 .debug_info    0x000002d7      0x1a5 ./iic.o
 .debug_info    0x0000047c       0x67 ./init.o
 .debug_info    0x000004e3      0x1b7 ./keyboard.o
 .debug_info    0x0000069a      0x14d ./main.o
 .debug_info    0x000007e7      0x120 C:\hlocal\EclipseARMwspace\Practica3_parteB\commonEclipse\libsedLib.a(system.o)

.debug_line     0x00000000      0x5cc
 .debug_line    0x00000000       0x8d ./8led.o
 .debug_line    0x0000008d       0xab ./at24C04.o
 .debug_line    0x00000138       0xe2 ./button.o
 .debug_line    0x0000021a       0xfd ./iic.o
 .debug_line    0x00000317       0x3d ./init.o
 .debug_line    0x00000354       0xf6 ./keyboard.o
 .debug_line    0x0000044a       0xc4 ./main.o
 .debug_line    0x0000050e       0xbe C:\hlocal\EclipseARMwspace\Practica3_parteB\commonEclipse\libsedLib.a(system.o)

.debug_macinfo  0x00000000    0x20ccd
 .debug_macinfo
                0x00000000     0x543d ./8led.o
 .debug_macinfo
                0x0000543d     0x220c ./at24C04.o
 .debug_macinfo
                0x00007649     0x52a2 ./button.o
 .debug_macinfo
                0x0000c8eb     0x500a ./iic.o
 .debug_macinfo
                0x000118f5     0x52b7 ./keyboard.o
 .debug_macinfo
                0x00016bac     0x526c ./main.o
 .debug_macinfo
                0x0001be18     0x4eb5 C:\hlocal\EclipseARMwspace\Practica3_parteB\commonEclipse\libsedLib.a(system.o)

.debug_loc      0x00000000      0x370
 .debug_loc     0x00000000       0x58 ./8led.o
 .debug_loc     0x00000058       0x58 ./at24C04.o
 .debug_loc     0x000000b0       0x58 ./button.o
 .debug_loc     0x00000108      0x134 ./iic.o
 .debug_loc     0x0000023c       0x84 ./keyboard.o
 .debug_loc     0x000002c0       0x2c ./main.o
 .debug_loc     0x000002ec       0x84 C:\hlocal\EclipseARMwspace\Practica3_parteB\commonEclipse\libsedLib.a(system.o)

.debug_pubnames
                0x00000000      0x229
 .debug_pubnames
                0x00000000       0x3d ./8led.o
 .debug_pubnames
                0x0000003d       0x3d ./at24C04.o
 .debug_pubnames
                0x0000007a       0x40 ./button.o
 .debug_pubnames
                0x000000ba       0x95 ./iic.o
 .debug_pubnames
                0x0000014f       0x5b ./keyboard.o
 .debug_pubnames
                0x000001aa       0x3d ./main.o
 .debug_pubnames
                0x000001e7       0x42 C:\hlocal\EclipseARMwspace\Practica3_parteB\commonEclipse\libsedLib.a(system.o)

.debug_aranges  0x00000000      0x100
 .debug_aranges
                0x00000000       0x20 ./8led.o
 .debug_aranges
                0x00000020       0x20 ./at24C04.o
 .debug_aranges
                0x00000040       0x20 ./button.o
 .debug_aranges
                0x00000060       0x20 ./iic.o
 .debug_aranges
                0x00000080       0x20 ./init.o
 .debug_aranges
                0x000000a0       0x20 ./keyboard.o
 .debug_aranges
                0x000000c0       0x20 ./main.o
 .debug_aranges
                0x000000e0       0x20 C:\hlocal\EclipseARMwspace\Practica3_parteB\commonEclipse\libsedLib.a(system.o)

.debug_str      0x00000000      0x2aa
 .debug_str     0x00000000       0x6d ./8led.o
                                 0x7a (size before relaxing)
 .debug_str     0x0000006d       0x9c ./at24C04.o
                                 0xf3 (size before relaxing)
 .debug_str     0x00000109       0x4b ./button.o
                                0x106 (size before relaxing)
 .debug_str     0x00000154       0x81 ./iic.o
                                0x133 (size before relaxing)
 .debug_str     0x000001d5       0x4b ./keyboard.o
                                0x120 (size before relaxing)
 .debug_str     0x00000220       0x16 ./main.o
                                0x107 (size before relaxing)
 .debug_str     0x00000236       0x74 C:\hlocal\EclipseARMwspace\Practica3_parteB\commonEclipse\libsedLib.a(system.o)
                                 0xf5 (size before relaxing)

.comment        0x00000000       0x2a
 .comment       0x00000000       0x2a ./8led.o
                                 0x2b (size before relaxing)
 .comment       0x00000000       0x2b ./at24C04.o
 .comment       0x00000000       0x2b ./button.o
 .comment       0x00000000       0x2b ./iic.o
 .comment       0x00000000       0x2b ./keyboard.o
 .comment       0x00000000       0x2b ./main.o
 .comment       0x00000000       0x2b C:\hlocal\EclipseARMwspace\Practica3_parteB\commonEclipse\libsedLib.a(system.o)

.ARM.attributes
                0x00000000       0x30
 .ARM.attributes
                0x00000000       0x32 ./8led.o
 .ARM.attributes
                0x00000032       0x32 ./at24C04.o
 .ARM.attributes
                0x00000064       0x32 ./button.o
 .ARM.attributes
                0x00000096       0x32 ./iic.o
 .ARM.attributes
                0x000000c8       0x22 ./init.o
 .ARM.attributes
                0x000000ea       0x32 ./keyboard.o
 .ARM.attributes
                0x0000011c       0x32 ./main.o
 .ARM.attributes
                0x0000014e       0x32 C:\hlocal\EclipseARMwspace\Practica3_parteB\commonEclipse\libsedLib.a(system.o)

.debug_frame    0x00000000      0x300
 .debug_frame   0x00000000       0x50 ./8led.o
 .debug_frame   0x00000050       0x50 ./at24C04.o
 .debug_frame   0x000000a0       0x5c ./button.o
 .debug_frame   0x000000fc       0xf0 ./iic.o
 .debug_frame   0x000001ec       0x7c ./keyboard.o
 .debug_frame   0x00000268       0x30 ./main.o
 .debug_frame   0x00000298       0x68 C:\hlocal\EclipseARMwspace\Practica3_parteB\commonEclipse\libsedLib.a(system.o)

.debug_pubtypes
                0x00000000       0xe9
 .debug_pubtypes
                0x00000000       0x27 ./at24C04.o
 .debug_pubtypes
                0x00000027       0x27 ./button.o
 .debug_pubtypes
                0x0000004e       0x30 ./iic.o
 .debug_pubtypes
                0x0000007e       0x27 ./keyboard.o
 .debug_pubtypes
                0x000000a5       0x27 ./main.o
 .debug_pubtypes
                0x000000cc       0x1d C:\hlocal\EclipseARMwspace\Practica3_parteB\commonEclipse\libsedLib.a(system.o)
