Archive member included because of file (symbol)

c:/software/electronica/arm/eclipsearm/sourcery-g++-lite-arm-2011.03/bin/../lib/gcc/arm-none-eabi/4.5.2\libgcc.a(_divsi3.o)
                              ./commonEclipse/44blib.o (__aeabi_idiv)
c:/software/electronica/arm/eclipsearm/sourcery-g++-lite-arm-2011.03/bin/../lib/gcc/arm-none-eabi/4.5.2\libgcc.a(_dvmd_tls.o)
                              c:/software/electronica/arm/eclipsearm/sourcery-g++-lite-arm-2011.03/bin/../lib/gcc/arm-none-eabi/4.5.2\libgcc.a(_divsi3.o) (__aeabi_idiv0)
c:/software/electronica/arm/eclipsearm/sourcery-g++-lite-arm-2011.03/bin/../lib/gcc/arm-none-eabi/4.5.2/../../../../arm-none-eabi/lib\libc.a(lib_a-rand.o)
                              ./main.o (rand)
c:/software/electronica/arm/eclipsearm/sourcery-g++-lite-arm-2011.03/bin/../lib/gcc/arm-none-eabi/4.5.2/../../../../arm-none-eabi/lib\libc.a(lib_a-impure.o)
                              c:/software/electronica/arm/eclipsearm/sourcery-g++-lite-arm-2011.03/bin/../lib/gcc/arm-none-eabi/4.5.2/../../../../arm-none-eabi/lib\libc.a(lib_a-rand.o) (_impure_ptr)

Allocating common symbols
Common symbol       size              file

led_state           0x4               ./led.o
fileSize            0x4               ./commonEclipse/44blib.o
indice              0x4               ./main.o
pierde              0x4               ./main.o
indice_jug          0x4               ./main.o
key                 0x4               ./keyboard.o
nivel               0x4               ./main.o
apagado             0x4               ./timer.o
switchLed           0x4               ./main.o
turno               0x4               ./main.o
downPt              0x4               ./commonEclipse/44blib.o
secuencia_jugador   0x190             ./main.o
secuencia_maquina   0x190             ./main.o

Memory Configuration

Name             Origin             Length             Attributes
*default*        0x00000000         0xffffffff

Linker script and memory map

LOAD ./commonEclipse/44binit.o
LOAD ./commonEclipse/44blib.o
LOAD ./8led.o
LOAD ./init.o
LOAD ./keyboard.o
LOAD ./led.o
LOAD ./main.o
LOAD ./timer.o
START GROUP
LOAD c:/software/electronica/arm/eclipsearm/sourcery-g++-lite-arm-2011.03/bin/../lib/gcc/arm-none-eabi/4.5.2\libgcc.a
LOAD c:/software/electronica/arm/eclipsearm/sourcery-g++-lite-arm-2011.03/bin/../lib/gcc/arm-none-eabi/4.5.2/../../../../arm-none-eabi/lib\libc.a
END GROUP
                0x0c000000                . = 0xc000000
                0x0c000000                Image_RO_Base = .

.text           0x0c000000     0x1a68
 *(.text)
 .text          0x0c000000      0x70c ./commonEclipse/44binit.o
 .text          0x0c00070c      0x45c ./commonEclipse/44blib.o
                0x0c00070c                Delay
                0x0c000844                DelayMs
                0x0c0008a8                Port_Init
                0x0c000a38                malloc
                0x0c000ad8                free
                0x0c000b08                sys_init
 .text          0x0c000b68       0x60 ./8led.o
                0x0c000b68                D8Led_init
                0x0c000b8c                D8Led_symbol
 .text          0x0c000bc8       0x1c ./init.o
                0x0c000bc8                start
 .text          0x0c000be4      0x2b8 ./keyboard.o
                0x0c000be4                keyboard_init
                0x0c000c98                KeyboardInt
                0x0c000d5c                key_read
 .text          0x0c000e9c      0x230 ./led.o
                0x0c000e9c                leds_on
                0x0c000ebc                leds_off
                0x0c000edc                led1_on
                0x0c000f1c                led1_off
                0x0c000f5c                led2_on
                0x0c000f9c                led2_off
                0x0c000fdc                leds_switch
                0x0c00101c                Led_Display
 .text          0x0c0010cc      0x2a8 ./main.o
                0x0c0010cc                Main
                0x0c00123c                generar_secuencia_maquina
                0x0c0012b8                comparar_secuencias
 .text          0x0c001374      0x530 ./timer.o
                0x0c001374                timer_init
                0x0c00149c                enciende_timer0
                0x0c001530                enciende_timer2
                0x0c0015c4                enciende_timer4
                0x0c001658                timer0_juego
                0x0c001708                timer2_mostrar_mensaje
                0x0c0017cc                timer4_tiempo_juego
                0x0c001828                led_jugador
                0x0c001848                led_maquina
                0x0c001868                led_preparado
                0x0c001884                led_jugadorPierde
 .text          0x0c0018a4      0x148 c:/software/electronica/arm/eclipsearm/sourcery-g++-lite-arm-2011.03/bin/../lib/gcc/arm-none-eabi/4.5.2\libgcc.a(_divsi3.o)
                0x0c0018a4                __divsi3
                0x0c0018a4                __aeabi_idiv
                0x0c0019cc                __aeabi_idivmod
 .text          0x0c0019ec        0x4 c:/software/electronica/arm/eclipsearm/sourcery-g++-lite-arm-2011.03/bin/../lib/gcc/arm-none-eabi/4.5.2\libgcc.a(_dvmd_tls.o)
                0x0c0019ec                __aeabi_idiv0
                0x0c0019ec                __aeabi_ldiv0
 .text          0x0c0019f0       0x78 c:/software/electronica/arm/eclipsearm/sourcery-g++-lite-arm-2011.03/bin/../lib/gcc/arm-none-eabi/4.5.2/../../../../arm-none-eabi/lib\libc.a(lib_a-rand.o)
                0x0c0019f0                srand
                0x0c001a0c                rand
 .text          0x0c001a68        0x0 c:/software/electronica/arm/eclipsearm/sourcery-g++-lite-arm-2011.03/bin/../lib/gcc/arm-none-eabi/4.5.2/../../../../arm-none-eabi/lib\libc.a(lib_a-impure.o)
                0x0c001a68                Image_RO_Limit = .
                0x0c001a68                Image_RW_Base = .

.glue_7         0x0c001a68        0x0
 .glue_7        0x00000000        0x0 linker stubs

.glue_7t        0x0c001a68        0x0
 .glue_7t       0x00000000        0x0 linker stubs

.vfp11_veneer   0x0c001a68        0x0
 .vfp11_veneer  0x00000000        0x0 linker stubs

.v4_bx          0x0c001a68        0x0
 .v4_bx         0x00000000        0x0 linker stubs

.data           0x0c001a68      0x498
 *(.data)
 .data          0x0c001a68        0x6 ./commonEclipse/44binit.o
                0x0c001a68                BDRAMTYPE
 *fill*         0x0c001a6e        0x2 00
 .data          0x0c001a70        0xc ./commonEclipse/44blib.o
                0x0c001a70                mallocPt
                0x0c001a74                run
 .data          0x0c001a7c       0x4c ./8led.o
                0x0c001a7c                Symbol
 .data          0x0c001ac8        0x0 ./init.o
 .data          0x0c001ac8        0x4 ./keyboard.o
                0x0c001ac8                keyboard_base
 .data          0x0c001acc        0x0 ./led.o
 .data          0x0c001acc        0x0 ./main.o
 .data          0x0c001acc        0x0 ./timer.o
 .data          0x0c001acc        0x0 c:/software/electronica/arm/eclipsearm/sourcery-g++-lite-arm-2011.03/bin/../lib/gcc/arm-none-eabi/4.5.2\libgcc.a(_divsi3.o)
 .data          0x0c001acc        0x0 c:/software/electronica/arm/eclipsearm/sourcery-g++-lite-arm-2011.03/bin/../lib/gcc/arm-none-eabi/4.5.2\libgcc.a(_dvmd_tls.o)
 .data          0x0c001acc        0x0 c:/software/electronica/arm/eclipsearm/sourcery-g++-lite-arm-2011.03/bin/../lib/gcc/arm-none-eabi/4.5.2/../../../../arm-none-eabi/lib\libc.a(lib_a-rand.o)
 *fill*         0x0c001acc        0x4 00
 .data          0x0c001ad0      0x430 c:/software/electronica/arm/eclipsearm/sourcery-g++-lite-arm-2011.03/bin/../lib/gcc/arm-none-eabi/4.5.2/../../../../arm-none-eabi/lib\libc.a(lib_a-impure.o)
                0x0c001ad0                _impure_ptr

.rodata         0x0c001f00        0x8
 *(.rodata)
 .rodata        0x0c001f00        0x4 ./keyboard.o
 .rodata        0x0c001f04        0x4 c:/software/electronica/arm/eclipsearm/sourcery-g++-lite-arm-2011.03/bin/../lib/gcc/arm-none-eabi/4.5.2/../../../../arm-none-eabi/lib\libc.a(lib_a-impure.o)
                0x0c001f04                _global_impure_ptr
                0x0c001f08                Image_RW_Limit = .
                0x0c001f08                Image_ZI_Base = .

.rodata.str1.4  0x0c001f08        0x4
 .rodata.str1.4
                0x0c001f08        0x4 c:/software/electronica/arm/eclipsearm/sourcery-g++-lite-arm-2011.03/bin/../lib/gcc/arm-none-eabi/4.5.2/../../../../arm-none-eabi/lib\libc.a(lib_a-impure.o)

.bss            0x0c001f0c      0x350
 *(.bss)
 .bss           0x0c001f0c        0x0 ./commonEclipse/44binit.o
 .bss           0x0c001f0c        0x4 ./commonEclipse/44blib.o
                0x0c001f0c                restart
 .bss           0x0c001f10        0x0 ./8led.o
 .bss           0x0c001f10        0x0 ./init.o
 .bss           0x0c001f10        0x0 ./keyboard.o
 .bss           0x0c001f10        0x0 ./led.o
 .bss           0x0c001f10        0x0 ./main.o
 .bss           0x0c001f10        0x0 ./timer.o
 .bss           0x0c001f10        0x0 c:/software/electronica/arm/eclipsearm/sourcery-g++-lite-arm-2011.03/bin/../lib/gcc/arm-none-eabi/4.5.2\libgcc.a(_divsi3.o)
 .bss           0x0c001f10        0x0 c:/software/electronica/arm/eclipsearm/sourcery-g++-lite-arm-2011.03/bin/../lib/gcc/arm-none-eabi/4.5.2\libgcc.a(_dvmd_tls.o)
 .bss           0x0c001f10        0x0 c:/software/electronica/arm/eclipsearm/sourcery-g++-lite-arm-2011.03/bin/../lib/gcc/arm-none-eabi/4.5.2/../../../../arm-none-eabi/lib\libc.a(lib_a-rand.o)
 .bss           0x0c001f10        0x0 c:/software/electronica/arm/eclipsearm/sourcery-g++-lite-arm-2011.03/bin/../lib/gcc/arm-none-eabi/4.5.2/../../../../arm-none-eabi/lib\libc.a(lib_a-impure.o)
 COMMON         0x0c001f10        0x8 ./commonEclipse/44blib.o
                0x0c001f10                fileSize
                0x0c001f14                downPt
 COMMON         0x0c001f18        0x4 ./keyboard.o
                0x0c001f18                key
 COMMON         0x0c001f1c        0x4 ./led.o
                0x0c001f1c                led_state
 COMMON         0x0c001f20      0x338 ./main.o
                0x0c001f20                indice
                0x0c001f24                pierde
                0x0c001f28                indice_jug
                0x0c001f2c                nivel
                0x0c001f30                switchLed
                0x0c001f34                turno
                0x0c001f38                secuencia_jugador
                0x0c0020c8                secuencia_maquina
 COMMON         0x0c002258        0x4 ./timer.o
                0x0c002258                apagado
                0x0c00225c                Image_ZI_Limit = .
                0x0c00225c                __bss_start__ = .
                0x0c00225c                __bss_end__ = .
                0x0c00225c                __EH_FRAME_BEGIN__ = .
                0x0c00225c                __EH_FRAME_END__ = .
                0x0c00225c                PROVIDE (__stack, .)
                0x0c00225c                end = .
                0x0c00225c                _end = .

.ARM.attributes
                0x00000000       0x2e
 .ARM.attributes
                0x00000000       0x22 ./commonEclipse/44binit.o
 .ARM.attributes
                0x00000022       0x32 ./commonEclipse/44blib.o
 .ARM.attributes
                0x00000054       0x32 ./8led.o
 .ARM.attributes
                0x00000086       0x22 ./init.o
 .ARM.attributes
                0x000000a8       0x32 ./keyboard.o
 .ARM.attributes
                0x000000da       0x32 ./led.o
 .ARM.attributes
                0x0000010c       0x32 ./main.o
 .ARM.attributes
                0x0000013e       0x32 ./timer.o
 .ARM.attributes
                0x00000170       0x1a c:/software/electronica/arm/eclipsearm/sourcery-g++-lite-arm-2011.03/bin/../lib/gcc/arm-none-eabi/4.5.2\libgcc.a(_divsi3.o)
 .ARM.attributes
                0x0000018a       0x18 c:/software/electronica/arm/eclipsearm/sourcery-g++-lite-arm-2011.03/bin/../lib/gcc/arm-none-eabi/4.5.2\libgcc.a(_dvmd_tls.o)
 .ARM.attributes
                0x000001a2       0x34 c:/software/electronica/arm/eclipsearm/sourcery-g++-lite-arm-2011.03/bin/../lib/gcc/arm-none-eabi/4.5.2/../../../../arm-none-eabi/lib\libc.a(lib_a-rand.o)
 .ARM.attributes
                0x000001d6       0x34 c:/software/electronica/arm/eclipsearm/sourcery-g++-lite-arm-2011.03/bin/../lib/gcc/arm-none-eabi/4.5.2/../../../../arm-none-eabi/lib\libc.a(lib_a-impure.o)

.comment        0x00000000       0x2a
 .comment       0x00000000       0x2a ./commonEclipse/44blib.o
                                 0x2b (size before relaxing)
 .comment       0x00000000       0x2b ./8led.o
 .comment       0x00000000       0x2b ./keyboard.o
 .comment       0x00000000       0x2b ./led.o
 .comment       0x00000000       0x2b ./main.o
 .comment       0x00000000       0x2b ./timer.o

.debug_info     0x00000000      0xbab
 *(.debug_info)
 .debug_info    0x00000000       0x75 ./commonEclipse/44binit.o
 .debug_info    0x00000075      0x229 ./commonEclipse/44blib.o
 .debug_info    0x0000029e       0xa4 ./8led.o
 .debug_info    0x00000342       0x64 ./init.o
 .debug_info    0x000003a6      0x198 ./keyboard.o
 .debug_info    0x0000053e      0x104 ./led.o
 .debug_info    0x00000642      0x260 ./main.o
 .debug_info    0x000008a2      0x309 ./timer.o

.debug_line     0x00000000      0xc16
 *(.debug_line)
 .debug_line    0x00000000      0x116 ./commonEclipse/44binit.o
 .debug_line    0x00000116      0x3d9 ./commonEclipse/44blib.o
 .debug_line    0x000004ef       0x96 ./8led.o
 .debug_line    0x00000585       0x3d ./init.o
 .debug_line    0x000005c2       0xd7 ./keyboard.o
 .debug_line    0x00000699       0xb2 ./led.o
 .debug_line    0x0000074b      0x3cd ./main.o
 .debug_line    0x00000b18       0xfe ./timer.o

.debug_abbrev   0x00000000      0x4de
 *(.debug_abbrev)
 .debug_abbrev  0x00000000       0x14 ./commonEclipse/44binit.o
 .debug_abbrev  0x00000014      0x11f ./commonEclipse/44blib.o
 .debug_abbrev  0x00000133       0x9b ./8led.o
 .debug_abbrev  0x000001ce       0x14 ./init.o
 .debug_abbrev  0x000001e2       0xff ./keyboard.o
 .debug_abbrev  0x000002e1       0x7c ./led.o
 .debug_abbrev  0x0000035d       0xb8 ./main.o
 .debug_abbrev  0x00000415       0xc9 ./timer.o

.debug_frame    0x00000000      0x510
 *(.debug_frame)
 .debug_frame   0x00000000       0xd0 ./commonEclipse/44blib.o
 .debug_frame   0x000000d0       0x50 ./8led.o
 .debug_frame   0x00000120       0x7c ./keyboard.o
 .debug_frame   0x0000019c      0x110 ./led.o
 .debug_frame   0x000002ac       0x78 ./main.o
 .debug_frame   0x00000324      0x194 ./timer.o
 .debug_frame   0x000004b8       0x20 c:/software/electronica/arm/eclipsearm/sourcery-g++-lite-arm-2011.03/bin/../lib/gcc/arm-none-eabi/4.5.2\libgcc.a(_divsi3.o)
 .debug_frame   0x000004d8       0x38 c:/software/electronica/arm/eclipsearm/sourcery-g++-lite-arm-2011.03/bin/../lib/gcc/arm-none-eabi/4.5.2/../../../../arm-none-eabi/lib\libc.a(lib_a-rand.o)
OUTPUT(SED_Practica2.elf elf32-littlearm)

.debug_aranges  0x00000000      0x100
 .debug_aranges
                0x00000000       0x20 ./commonEclipse/44binit.o
 .debug_aranges
                0x00000020       0x20 ./commonEclipse/44blib.o
 .debug_aranges
                0x00000040       0x20 ./8led.o
 .debug_aranges
                0x00000060       0x20 ./init.o
 .debug_aranges
                0x00000080       0x20 ./keyboard.o
 .debug_aranges
                0x000000a0       0x20 ./led.o
 .debug_aranges
                0x000000c0       0x20 ./main.o
 .debug_aranges
                0x000000e0       0x20 ./timer.o

.debug_macinfo  0x00000000    0x247b5
 .debug_macinfo
                0x00000000     0x82fb ./commonEclipse/44blib.o
 .debug_macinfo
                0x000082fb     0x5662 ./8led.o
 .debug_macinfo
                0x0000d95d     0x523c ./keyboard.o
 .debug_macinfo
                0x00012b99     0x50a3 ./led.o
 .debug_macinfo
                0x00017c3c     0x7ad6 ./main.o
 .debug_macinfo
                0x0001f712     0x50a3 ./timer.o

.debug_loc      0x00000000      0x5ac
 .debug_loc     0x00000000      0x108 ./commonEclipse/44blib.o
 .debug_loc     0x00000108       0x58 ./8led.o
 .debug_loc     0x00000160       0x84 ./keyboard.o
 .debug_loc     0x000001e4      0x160 ./led.o
 .debug_loc     0x00000344       0x84 ./main.o
 .debug_loc     0x000003c8      0x1e4 ./timer.o

.debug_pubnames
                0x00000000      0x36c
 .debug_pubnames
                0x00000000       0x90 ./commonEclipse/44blib.o
 .debug_pubnames
                0x00000090       0x3d ./8led.o
 .debug_pubnames
                0x000000cd       0x5b ./keyboard.o
 .debug_pubnames
                0x00000128       0x8b ./led.o
 .debug_pubnames
                0x000001b3       0xc4 ./main.o
 .debug_pubnames
                0x00000277       0xf5 ./timer.o

.debug_pubtypes
                0x00000000       0x24
 .debug_pubtypes
                0x00000000       0x12 ./commonEclipse/44blib.o
 .debug_pubtypes
                0x00000012       0x12 ./main.o

.debug_str      0x00000000      0x352
 .debug_str     0x00000000      0x12f ./commonEclipse/44blib.o
                                0x16d (size before relaxing)
 .debug_str     0x0000012f       0x2f ./8led.o
                                 0x77 (size before relaxing)
 .debug_str     0x0000015e       0x6e ./keyboard.o
                                 0xcf (size before relaxing)
 .debug_str     0x000001cc       0x68 ./led.o
                                 0xa3 (size before relaxing)
 .debug_str     0x00000234       0x80 ./main.o
                                0x1a7 (size before relaxing)
 .debug_str     0x000002b4       0x9e ./timer.o
                                0x158 (size before relaxing)
