
Allocating common symbols
Common symbol       size              file

val                 0x4               ./main.o

Memory Configuration

Name             Origin             Length             Attributes
*default*        0x00000000         0xffffffff

Linker script and memory map

LOAD ./commonEclipse/system.o
LOAD ./8led.o
LOAD ./at24C04.o
LOAD ./iic.o
LOAD ./init.o
LOAD ./main.o
LOAD C:\software\electronica\ARM\EclipseARM\eclipse\/../sourcery-g++-lite-arm-2011.03/arm-none-eabi/lib\libc.a
LOAD C:\software\electronica\ARM\EclipseARM\eclipse\/../sourcery-g++-lite-arm-2011.03/lib/gcc/arm-none-eabi/4.5.2\libgcc.a
LOAD C:\software\electronica\ARM\EclipseARM\eclipse\/../sourcery-g++-lite-arm-2011.03/arm-none-eabi/lib\libnosys.a
LOAD C:\hlocal\EclipseARMwspace\Practica3_parteA\commonEclipse\libsedLib.a
START GROUP
LOAD C:\software\electronica\ARM\EclipseARM\eclipse\/../sourcery-g++-lite-arm-2011.03/lib/gcc/arm-none-eabi/4.5.2\libgcc.a
LOAD C:\software\electronica\ARM\EclipseARM\eclipse\/../sourcery-g++-lite-arm-2011.03/arm-none-eabi/lib\libc.a
END GROUP
                0x0c100000                . = 0xc100000
                0x0c100000                _image_start = .
                0x0c100000                _code_start = .

.text           0x0c100000      0x9f4
 *(.text)
 .text          0x0c100000      0x328 ./commonEclipse/system.o
                0x0c100000                DelayMs
                0x0c100064                sys_init
                0x0c1001a8                port_init
 .text          0x0c100328       0x60 ./8led.o
                0x0c100328                D8Led_init
                0x0c10034c                D8Led_symbol
 .text          0x0c100388      0x130 ./at24C04.o
                0x0c100388                at24c04_bytewrite
                0x0c100408                at24c04_byteread
 .text          0x0c1004b8      0x3cc ./iic.o
                0x0c1004b8                iic_init
                0x0c100580                iic_putByte_start
                0x0c1005f4                iic_putByte
                0x0c100658                iic_putByte_stop
                0x0c1006e8                iic_getByte_start
                0x0c10075c                iic_getByte
                0x0c1007b8                iic_getByte_stop
 .text          0x0c100884       0x1c ./init.o
                0x0c100884                start
 .text          0x0c1008a0      0x154 ./main.o
                0x0c1008a0                Main
                0x0c1009f4                _code_end = .
                0x000009f4                _code_size = SIZEOF (.text)
                0x0c1009f4                _data_start = .

.glue_7         0x0c1009f4        0x0
 .glue_7        0x00000000        0x0 linker stubs

.glue_7t        0x0c1009f4        0x0
 .glue_7t       0x00000000        0x0 linker stubs

.vfp11_veneer   0x0c1009f4        0x0
 .vfp11_veneer  0x00000000        0x0 linker stubs

.v4_bx          0x0c1009f4        0x0
 .v4_bx         0x00000000        0x0 linker stubs

.rodata         0x0c1009f4        0x0
 *(.rodata)

.data           0x0c1009f4       0x4c
 *(.data)
 .data          0x0c1009f4        0xc ./commonEclipse/system.o
                0x0c1009fc                mclk
 .data          0x0c100a00       0x40 ./8led.o
                0x0c100a00                Symbol
 .data          0x0c100a40        0x0 ./at24C04.o
 .data          0x0c100a40        0x0 ./iic.o
 .data          0x0c100a40        0x0 ./init.o
 .data          0x0c100a40        0x0 ./main.o

.bss            0x0c100a40        0x4
 *(.bss)
 .bss           0x0c100a40        0x0 ./commonEclipse/system.o
 .bss           0x0c100a40        0x0 ./8led.o
 .bss           0x0c100a40        0x0 ./at24C04.o
 .bss           0x0c100a40        0x0 ./iic.o
 .bss           0x0c100a40        0x0 ./init.o
 .bss           0x0c100a40        0x0 ./main.o
 COMMON         0x0c100a40        0x4 ./main.o
                0x0c100a40                val
                0x0c100a44                _data_end = .
                0x00000050                _data_size = ((SIZEOF (.rodata) + SIZEOF (.data)) + SIZEOF (.bss))
                0x00000a44                _total_size = (_code_size + _data_size)
                0x0c100a44                _image_end = .
                0x0c100a44                end = .
OUTPUT(Practica3_parteA.elf elf32-littlearm)

.debug_abbrev   0x00000000      0x365
 .debug_abbrev  0x00000000       0xca ./commonEclipse/system.o
 .debug_abbrev  0x000000ca       0x9b ./8led.o
 .debug_abbrev  0x00000165       0x77 ./at24C04.o
 .debug_abbrev  0x000001dc       0xd3 ./iic.o
 .debug_abbrev  0x000002af       0x14 ./init.o
 .debug_abbrev  0x000002c3       0xa2 ./main.o

.debug_info     0x00000000      0x5b3
 .debug_info    0x00000000      0x120 ./commonEclipse/system.o
 .debug_info    0x00000120       0xa4 ./8led.o
 .debug_info    0x000001c4      0x106 ./at24C04.o
 .debug_info    0x000002ca      0x1a5 ./iic.o
 .debug_info    0x0000046f       0x67 ./init.o
 .debug_info    0x000004d6       0xdd ./main.o

.debug_line     0x00000000      0x42a
 .debug_line    0x00000000       0xc5 ./commonEclipse/system.o
 .debug_line    0x000000c5       0x8d ./8led.o
 .debug_line    0x00000152       0xab ./at24C04.o
 .debug_line    0x000001fd       0xfd ./iic.o
 .debug_line    0x000002fa       0x3d ./init.o
 .debug_line    0x00000337       0xf3 ./main.o

.debug_macinfo  0x00000000    0x1412e
 .debug_macinfo
                0x00000000     0x56ec ./commonEclipse/system.o
 .debug_macinfo
                0x000056ec     0x543d ./8led.o
 .debug_macinfo
                0x0000ab29     0x220c ./at24C04.o
 .debug_macinfo
                0x0000cd35     0x500a ./iic.o
 .debug_macinfo
                0x00011d3f     0x23ef ./main.o

.debug_loc      0x00000000      0x294
 .debug_loc     0x00000000       0x84 ./commonEclipse/system.o
 .debug_loc     0x00000084       0x58 ./8led.o
 .debug_loc     0x000000dc       0x58 ./at24C04.o
 .debug_loc     0x00000134      0x134 ./iic.o
 .debug_loc     0x00000268       0x2c ./main.o

.debug_pubnames
                0x00000000      0x174
 .debug_pubnames
                0x00000000       0x42 ./commonEclipse/system.o
 .debug_pubnames
                0x00000042       0x3d ./8led.o
 .debug_pubnames
                0x0000007f       0x3d ./at24C04.o
 .debug_pubnames
                0x000000bc       0x95 ./iic.o
 .debug_pubnames
                0x00000151       0x23 ./main.o

.debug_pubtypes
                0x00000000       0x9b
 .debug_pubtypes
                0x00000000       0x1d ./commonEclipse/system.o
 .debug_pubtypes
                0x0000001d       0x27 ./at24C04.o
 .debug_pubtypes
                0x00000044       0x30 ./iic.o
 .debug_pubtypes
                0x00000074       0x27 ./main.o

.debug_aranges  0x00000000       0xc0
 .debug_aranges
                0x00000000       0x20 ./commonEclipse/system.o
 .debug_aranges
                0x00000020       0x20 ./8led.o
 .debug_aranges
                0x00000040       0x20 ./at24C04.o
 .debug_aranges
                0x00000060       0x20 ./iic.o
 .debug_aranges
                0x00000080       0x20 ./init.o
 .debug_aranges
                0x000000a0       0x20 ./main.o

.debug_str      0x00000000      0x1f1
 .debug_str     0x00000000       0xeb ./commonEclipse/system.o
                                0x104 (size before relaxing)
 .debug_str     0x000000eb       0x2f ./8led.o
                                 0x7a (size before relaxing)
 .debug_str     0x0000011a       0x4c ./at24C04.o
                                 0xf3 (size before relaxing)
 .debug_str     0x00000166       0x75 ./iic.o
                                0x133 (size before relaxing)
 .debug_str     0x000001db       0x16 ./main.o
                                 0xca (size before relaxing)

.comment        0x00000000       0x2a
 .comment       0x00000000       0x2a ./commonEclipse/system.o
                                 0x2b (size before relaxing)
 .comment       0x00000000       0x2b ./8led.o
 .comment       0x00000000       0x2b ./at24C04.o
 .comment       0x00000000       0x2b ./iic.o
 .comment       0x00000000       0x2b ./main.o

.ARM.attributes
                0x00000000       0x30
 .ARM.attributes
                0x00000000       0x32 ./commonEclipse/system.o
 .ARM.attributes
                0x00000032       0x32 ./8led.o
 .ARM.attributes
                0x00000064       0x32 ./at24C04.o
 .ARM.attributes
                0x00000096       0x32 ./iic.o
 .ARM.attributes
                0x000000c8       0x22 ./init.o
 .ARM.attributes
                0x000000ea       0x32 ./main.o

.debug_frame    0x00000000      0x230
 .debug_frame   0x00000000       0x70 ./commonEclipse/system.o
 .debug_frame   0x00000070       0x50 ./8led.o
 .debug_frame   0x000000c0       0x50 ./at24C04.o
 .debug_frame   0x00000110       0xf0 ./iic.o
 .debug_frame   0x00000200       0x30 ./main.o
